[261008-154959.582] [Port:7016] [System] ✔️ Kiểm tra đủ package cơ bản...
[261008-155000.471] [Port:7016] [System] ✔️ Đã xóa cache trong bộ nhớ khi khởi động.
[261008-155000.472] [Port:7016] [System] ✔️RAM chiếm dụng: 138.75M | NLTK: 0.00M | CPU: 0.0%
[261008-155000.477] [Port:7016] [System] ⏳ Đang tổng hợp dữ liệu actress, genre, maker...
[261008-155000.484] [Port:7016] [System] ✔️ Hoàn tất tổng hợp tags.
[261008-155000.484] [Port:7016] [System] ℹ️ Lấy domain từ database: javguru.com
[261008-155000.485] [Port:7016] [JavGuru] Đã load session từ database.
[261008-155000.485] [Port:7016] [JavGuru] Warming up session... ⏳
[261008-155000.485] [Port:7016] [JavGuru] Khởi tạo sync_tasks cho JavGuru...
[261008-155000.486] [Port:7016] [System] ✔️ Javguru Player worker started at http://localhost:7016
 * Serving Flask app 'server'
 * Debug mode: off
[261008-155002.009] [Port:7016] [JavGuru] Session is warm. ✔️
[261008-155005.473] [Port:7016] [System] ✔️RAM chiếm dụng: 148.21M | NLTK: 0.00M | CPU: 14.7%
[261008-155010.474] [Port:7016] [System] ✔️RAM chiếm dụng: 148.21M | NLTK: 0.00M | CPU: 17.8%
[261008-155244.878] [Port:7016] [System] ✔️ Kiểm tra đủ package cơ bản...
[261008-155245.821] [Port:7016] [System] ✔️ Đã xóa cache trong bộ nhớ khi khởi động.
[261008-155245.822] [Port:7016] [System] ✔️RAM chiếm dụng: 138.68M | NLTK: 0.00M | CPU: 0.0%
[261008-155245.826] [Port:7016] [System] ⏳ Đang tổng hợp dữ liệu actress, genre, maker...
[261008-155245.833] [Port:7016] [System] ✔️ Hoàn tất tổng hợp tags.
[261008-155245.833] [Port:7016] [System] ℹ️ Lấy domain từ database: javguru.com
[261008-155245.834] [Port:7016] [JavGuru] Đã load session từ database.
[261008-155245.834] [Port:7016] [JavGuru] Warming up session... ⏳
[261008-155245.835] [Port:7016] [JavGuru] Khởi tạo sync_tasks cho JavGuru...
[261008-155245.835] [Port:7016] [System] ✔️ Javguru Player worker started at http://localhost:7016
 * Serving Flask app 'server'
 * Debug mode: off
[261008-155247.112] [Port:7016] [JavGuru] Session is warm. ✔️
[261008-155252.832] [Port:7016] [System] ✔️ Kiểm tra đủ package cơ bản...
[261008-155253.646] [Port:7016] [System] ✔️ Đã xóa cache trong bộ nhớ khi khởi động.
[261008-155253.647] [Port:7016] [System] ✔️RAM chiếm dụng: 138.48M | NLTK: 0.00M | CPU: 0.0%
[261008-155253.654] [Port:7016] [System] ⏳ Đang tổng hợp dữ liệu actress, genre, maker...
[261008-155253.661] [Port:7016] [System] ✔️ Hoàn tất tổng hợp tags.
[261008-155253.661] [Port:7016] [System] ℹ️ Lấy domain từ database: javguru.com
[261008-155253.661] [Port:7016] [JavGuru] Đã load session từ database.
[261008-155253.661] [Port:7016] [JavGuru] Warming up session... ⏳
[261008-155253.662] [Port:7016] [JavGuru] Khởi tạo sync_tasks cho JavGuru...
[261008-155253.662] [Port:7016] [System] ✔️ Javguru Player worker started at http://localhost:7016
 * Serving Flask app 'server'
 * Debug mode: off
[261008-155254.909] [Port:7016] [JavGuru] Session is warm. ✔️
[261008-155258.648] [Port:7016] [System] ✔️RAM chiếm dụng: 148.46M | NLTK: 0.00M | CPU: 7.5%
[261008-155303.649] [Port:7016] [System] ✔️RAM chiếm dụng: 148.46M | NLTK: 0.00M | CPU: 4.8%
[261008-155308.649] [Port:7016] [System] ✔️RAM chiếm dụng: 148.46M | NLTK: 0.00M | CPU: 3.4%
[261008-155313.650] [Port:7016] [System] ✔️RAM chiếm dụng: 148.46M | NLTK: 0.00M | CPU: 7.9%
[261008-155318.651] [Port:7016] [System] ✔️RAM chiếm dụng: 148.46M | NLTK: 0.00M | CPU: 10.4%
[261008-155323.651] [Port:7016] [System] ✔️RAM chiếm dụng: 148.50M | NLTK: 0.00M | CPU: 6.3%
[261008-155328.653] [Port:7016] [System] ✔️RAM chiếm dụng: 148.50M | NLTK: 0.00M | CPU: 10.9%
[261008-155333.653] [Port:7016] [System] ✔️RAM chiếm dụng: 148.50M | NLTK: 0.00M | CPU: 12.7%
[261008-155338.654] [Port:7016] [System] ✔️RAM chiếm dụng: 148.50M | NLTK: 0.00M | CPU: 7.3%
[261008-155343.656] [Port:7016] [System] ✔️RAM chiếm dụng: 148.50M | NLTK: 0.00M | CPU: 5.6%
[261008-155348.657] [Port:7016] [System] ✔️RAM chiếm dụng: 148.50M | NLTK: 0.00M | CPU: 14.6%
[261008-155353.657] [Port:7016] [System] ✔️RAM chiếm dụng: 148.44M | NLTK: 0.00M | CPU: 16.6%
[261008-155358.658] [Port:7016] [System] ✔️RAM chiếm dụng: 148.44M | NLTK: 0.00M | CPU: 4.3%
[261008-155403.658] [Port:7016] [System] ✔️RAM chiếm dụng: 148.44M | NLTK: 0.00M | CPU: 4.0%
[261008-155408.659] [Port:7016] [System] ✔️RAM chiếm dụng: 148.44M | NLTK: 0.00M | CPU: 13.6%
[261008-155413.659] [Port:7016] [System] ✔️RAM chiếm dụng: 148.44M | NLTK: 0.00M | CPU: 5.9%
[261008-155418.659] [Port:7016] [System] ✔️RAM chiếm dụng: 148.44M | NLTK: 0.00M | CPU: 10.6%
[261008-155423.660] [Port:7016] [System] ✔️RAM chiếm dụng: 148.44M | NLTK: 0.00M | CPU: 7.3%
[261008-155428.661] [Port:7016] [System] ✔️RAM chiếm dụng: 148.44M | NLTK: 0.00M | CPU: 5.7%
[261008-155433.661] [Port:7016] [System] ✔️RAM chiếm dụng: 148.44M | NLTK: 0.00M | CPU: 8.8%
[261008-155438.662] [Port:7016] [System] ✔️RAM chiếm dụng: 148.44M | NLTK: 0.00M | CPU: 4.3%
[261008-155443.663] [Port:7016] [System] ✔️RAM chiếm dụng: 148.44M | NLTK: 0.00M | CPU: 9.2%
[261008-155448.665] [Port:7016] [System] ✔️RAM chiếm dụng: 148.44M | NLTK: 0.00M | CPU: 4.8%
[261008-155453.666] [Port:7016] [System] ✔️RAM chiếm dụng: 148.44M | NLTK: 0.00M | CPU: 7.7%
[261008-155458.666] [Port:7016] [System] ✔️RAM chiếm dụng: 148.44M | NLTK: 0.00M | CPU: 4.7%
[261008-155503.667] [Port:7016] [System] ✔️RAM chiếm dụng: 148.44M | NLTK: 0.00M | CPU: 1.9%
[261008-155508.667] [Port:7016] [System] ✔️RAM chiếm dụng: 148.41M | NLTK: 0.00M | CPU: 14.9%
[261008-155513.668] [Port:7016] [System] ✔️RAM chiếm dụng: 148.41M | NLTK: 0.00M | CPU: 10.1%
[261008-155518.669] [Port:7016] [System] ✔️RAM chiếm dụng: 148.41M | NLTK: 0.00M | CPU: 20.1%
[261008-155523.672] [Port:7016] [System] ✔️RAM chiếm dụng: 148.41M | NLTK: 0.00M | CPU: 25.4%
[261008-155528.674] [Port:7016] [System] ✔️RAM chiếm dụng: 148.41M | NLTK: 0.00M | CPU: 18.3%
[261008-155533.674] [Port:7016] [System] ✔️RAM chiếm dụng: 148.41M | NLTK: 0.00M | CPU: 6.4%
[261008-155538.675] [Port:7016] [System] ✔️RAM chiếm dụng: 148.41M | NLTK: 0.00M | CPU: 8.4%
[261008-155543.675] [Port:7016] [System] ✔️RAM chiếm dụng: 148.41M | NLTK: 0.00M | CPU: 3.1%
[261008-155548.676] [Port:7016] [System] ✔️RAM chiếm dụng: 148.41M | NLTK: 0.00M | CPU: 8.3%
[261008-155553.677] [Port:7016] [System] ✔️RAM chiếm dụng: 148.41M | NLTK: 0.00M | CPU: 8.7%
[261008-155554.911] [Port:7016] [JavGuru] Warming up session... ⏳
[261008-155556.686] [Port:7016] [JavGuru] Session is warm. ✔️
[261008-155558.677] [Port:7016] [System] ✔️RAM chiếm dụng: 148.96M | NLTK: 0.00M | CPU: 3.7%
[261008-155603.678] [Port:7016] [System] ✔️RAM chiếm dụng: 148.96M | NLTK: 0.00M | CPU: 10.8%
[261008-155608.679] [Port:7016] [System] ✔️RAM chiếm dụng: 148.96M | NLTK: 0.00M | CPU: 4.8%
[261008-155613.680] [Port:7016] [System] ✔️RAM chiếm dụng: 148.96M | NLTK: 0.00M | CPU: 3.4%
[261008-155618.681] [Port:7016] [System] ✔️RAM chiếm dụng: 148.96M | NLTK: 0.00M | CPU: 10.3%
[261008-155623.681] [Port:7016] [System] ✔️RAM chiếm dụng: 148.96M | NLTK: 0.00M | CPU: 6.2%
[261008-155628.681] [Port:7016] [System] ✔️RAM chiếm dụng: 148.96M | NLTK: 0.00M | CPU: 4.0%
[261008-155633.682] [Port:7016] [System] ✔️RAM chiếm dụng: 148.96M | NLTK: 0.00M | CPU: 8.1%
[261008-155638.683] [Port:7016] [System] ✔️RAM chiếm dụng: 148.96M | NLTK: 0.00M | CPU: 4.0%
[261008-155643.683] [Port:7016] [System] ✔️RAM chiếm dụng: 148.96M | NLTK: 0.00M | CPU: 6.5%
[261008-155648.684] [Port:7016] [System] ✔️RAM chiếm dụng: 148.96M | NLTK: 0.00M | CPU: 5.2%
[261008-155653.685] [Port:7016] [System] ✔️RAM chiếm dụng: 148.96M | NLTK: 0.00M | CPU: 11.1%
[261008-155658.686] [Port:7016] [System] ✔️RAM chiếm dụng: 148.96M | NLTK: 0.00M | CPU: 3.6%
[261008-155703.686] [Port:7016] [System] ✔️RAM chiếm dụng: 148.96M | NLTK: 0.00M | CPU: 4.8%
[261008-155708.687] [Port:7016] [System] ✔️RAM chiếm dụng: 148.96M | NLTK: 0.00M | CPU: 6.0%
[261008-155713.688] [Port:7016] [System] ✔️RAM chiếm dụng: 148.96M | NLTK: 0.00M | CPU: 6.8%
[261008-155718.688] [Port:7016] [System] ✔️RAM chiếm dụng: 148.96M | NLTK: 0.00M | CPU: 4.3%
[261008-155723.689] [Port:7016] [System] ✔️RAM chiếm dụng: 148.96M | NLTK: 0.00M | CPU: 10.9%
[261008-155728.690] [Port:7016] [System] ✔️RAM chiếm dụng: 148.96M | NLTK: 0.00M | CPU: 12.8%
[261008-155733.691] [Port:7016] [System] ✔️RAM chiếm dụng: 148.96M | NLTK: 0.00M | CPU: 15.8%
[261008-155738.692] [Port:7016] [System] ✔️RAM chiếm dụng: 148.96M | NLTK: 0.00M | CPU: 11.2%
[261008-155743.693] [Port:7016] [System] ✔️RAM chiếm dụng: 148.96M | NLTK: 0.00M | CPU: 11.0%
[261008-155748.694] [Port:7016] [System] ✔️RAM chiếm dụng: 148.96M | NLTK: 0.00M | CPU: 8.7%
[261008-155753.695] [Port:7016] [System] ✔️RAM chiếm dụng: 149.00M | NLTK: 0.00M | CPU: 3.6%
[261008-155758.695] [Port:7016] [System] ✔️RAM chiếm dụng: 149.00M | NLTK: 0.00M | CPU: 6.4%
[261008-155803.696] [Port:7016] [System] ✔️RAM chiếm dụng: 149.00M | NLTK: 0.00M | CPU: 8.1%
[261008-155808.697] [Port:7016] [System] ✔️RAM chiếm dụng: 149.00M | NLTK: 0.00M | CPU: 4.2%
[261008-155813.698] [Port:7016] [System] ✔️RAM chiếm dụng: 149.00M | NLTK: 0.00M | CPU: 8.8%
[261008-155818.699] [Port:7016] [System] ✔️RAM chiếm dụng: 149.00M | NLTK: 0.00M | CPU: 22.1%
[261008-155823.700] [Port:7016] [System] ✔️RAM chiếm dụng: 149.00M | NLTK: 0.00M | CPU: 7.9%
[261008-155828.701] [Port:7016] [System] ✔️RAM chiếm dụng: 149.00M | NLTK: 0.00M | CPU: 12.8%
[261008-155833.701] [Port:7016] [System] ✔️RAM chiếm dụng: 149.00M | NLTK: 0.00M | CPU: 9.2%
[261008-155838.702] [Port:7016] [System] ✔️RAM chiếm dụng: 149.00M | NLTK: 0.00M | CPU: 6.0%
[261008-155843.703] [Port:7016] [System] ✔️RAM chiếm dụng: 149.00M | NLTK: 0.00M | CPU: 4.2%
[261008-155848.703] [Port:7016] [System] ✔️RAM chiếm dụng: 149.00M | NLTK: 0.00M | CPU: 4.1%
[261008-155853.703] [Port:7016] [System] ✔️RAM chiếm dụng: 149.00M | NLTK: 0.00M | CPU: 11.0%
[261008-155856.688] [Port:7016] [JavGuru] Warming up session... ⏳
[261008-155857.809] [Port:7016] [JavGuru] Session is warm. ✔️
[261008-155858.704] [Port:7016] [System] ✔️RAM chiếm dụng: 149.45M | NLTK: 0.00M | CPU: 9.7%
[261008-155903.706] [Port:7016] [System] ✔️RAM chiếm dụng: 149.45M | NLTK: 0.00M | CPU: 22.3%
[261008-160156.586] [Port:5016] [System] ✔️ Kiểm tra đủ package cơ bản...
[261008-160157.446] [Port:5016] [System] ✔️ Đã xóa cache trong bộ nhớ khi khởi động.
[261008-160157.448] [Port:5016] [System] ✔️RAM chiếm dụng: 138.70M | NLTK: 0.00M | CPU: 0.0%
[261008-160157.453] [Port:5016] [System] ⏳ Đang tổng hợp dữ liệu actress, genre, maker...
[261008-160157.460] [Port:5016] [System] ✔️ Hoàn tất tổng hợp tags.
[261008-160157.460] [Port:5016] [System] ℹ️ Lấy domain từ database: javguru.com
[261008-160157.461] [Port:5016] [JavGuru] Đã load session từ database.
[261008-160157.461] [Port:5016] [JavGuru] Warming up session... ⏳
[261008-160157.461] [Port:5016] [JavGuru] Khởi tạo sync_tasks cho JavGuru...
[261008-160157.462] [Port:5016] [System] ✔️ Javguru Player worker started at http://localhost:5016
 * Serving Flask app 'server'
 * Debug mode: off
[261008-160158.925] [Port:5016] [JavGuru] Session is warm. ✔️
[261008-160202.448] [Port:5016] [System] ✔️RAM chiếm dụng: 148.58M | NLTK: 0.00M | CPU: 7.7%
[261008-165100.525] [Port:5016] [System] ✔️ Kiểm tra đủ package cơ bản...
[261008-165101.408] [Port:5016] [System] ✔️ Đã xóa cache trong bộ nhớ khi khởi động.
[261008-165101.410] [Port:5016] [System] ✔️RAM chiếm dụng: 138.43M | NLTK: 0.00M | CPU: 0.0%
[261008-165101.414] [Port:5016] [System] ⏳ Đang tổng hợp dữ liệu actress, genre, maker...
[261008-165101.421] [Port:5016] [System] ✔️ Hoàn tất tổng hợp tags.
[261008-165101.421] [Port:5016] [System] ℹ️ Lấy domain từ database: javguru.com
[261008-165101.421] [Port:5016] [JavGuru] Đã load session từ database.
[261008-165101.421] [Port:5016] [JavGuru] Warming up session... ⏳
[261008-165101.422] [Port:5016] [JavGuru] Khởi tạo sync_tasks cho JavGuru...
[261008-165101.422] [Port:5016] [System] ✔️ Javguru Player worker started at http://localhost:5016
 * Serving Flask app 'server'
 * Debug mode: off
[261008-165102.867] [Port:5016] [JavGuru] Session is warm. ✔️
[261008-165106.410] [Port:5016] [System] ✔️RAM chiếm dụng: 148.19M | NLTK: 0.00M | CPU: 6.6%
[261008-165111.411] [Port:5016] [System] ✔️RAM chiếm dụng: 148.19M | NLTK: 0.00M | CPU: 6.0%
[261008-165116.412] [Port:5016] [System] ✔️RAM chiếm dụng: 148.19M | NLTK: 0.00M | CPU: 6.4%
[261008-165121.413] [Port:5016] [System] ✔️RAM chiếm dụng: 148.19M | NLTK: 0.00M | CPU: 6.3%
[261008-165126.414] [Port:5016] [System] ✔️RAM chiếm dụng: 148.19M | NLTK: 0.00M | CPU: 8.9%
[261008-165131.414] [Port:5016] [System] ✔️RAM chiếm dụng: 148.28M | NLTK: 0.00M | CPU: 3.2%
[261008-165136.415] [Port:5016] [System] ✔️RAM chiếm dụng: 148.28M | NLTK: 0.00M | CPU: 7.6%
[261008-165141.415] [Port:5016] [System] ✔️RAM chiếm dụng: 148.28M | NLTK: 0.00M | CPU: 22.1%
[261008-165146.416] [Port:5016] [System] ✔️RAM chiếm dụng: 148.28M | NLTK: 0.00M | CPU: 11.0%
[261008-165151.417] [Port:5016] [System] ✔️RAM chiếm dụng: 148.28M | NLTK: 0.00M | CPU: 13.7%
[261008-165156.417] [Port:5016] [System] ✔️RAM chiếm dụng: 148.28M | NLTK: 0.00M | CPU: 13.1%
[261008-165201.418] [Port:5016] [System] ✔️RAM chiếm dụng: 148.23M | NLTK: 0.00M | CPU: 11.3%
[261008-165206.420] [Port:5016] [System] ✔️RAM chiếm dụng: 148.23M | NLTK: 0.00M | CPU: 27.0%
[261008-165211.421] [Port:5016] [System] ✔️RAM chiếm dụng: 148.23M | NLTK: 0.00M | CPU: 11.4%
[261008-165216.421] [Port:5016] [System] ✔️RAM chiếm dụng: 148.23M | NLTK: 0.00M | CPU: 8.7%
[261008-165221.422] [Port:5016] [System] ✔️RAM chiếm dụng: 148.23M | NLTK: 0.00M | CPU: 10.9%
[261008-165226.422] [Port:5016] [System] ✔️RAM chiếm dụng: 148.23M | NLTK: 0.00M | CPU: 18.4%
[261008-165231.423] [Port:5016] [System] ✔️RAM chiếm dụng: 148.23M | NLTK: 0.00M | CPU: 4.2%
[261008-165237.795] [Port:5016] [System] ✔️ Kiểm tra đủ package cơ bản...
[261008-165238.685] [Port:5016] [System] ✔️ Đã xóa cache trong bộ nhớ khi khởi động.
[261008-165238.687] [Port:5016] [System] ✔️RAM chiếm dụng: 138.73M | NLTK: 0.00M | CPU: 0.0%
[261008-165238.693] [Port:5016] [System] ⏳ Đang tổng hợp dữ liệu actress, genre, maker...
[261008-165238.703] [Port:5016] [System] ✔️ Hoàn tất tổng hợp tags.
[261008-165238.703] [Port:5016] [System] ℹ️ Lấy domain từ database: javguru.com
[261008-165238.704] [Port:5016] [JavGuru] Đã load session từ database.
[261008-165238.704] [Port:5016] [JavGuru] Warming up session... ⏳
[261008-165238.704] [Port:5016] [JavGuru] Khởi tạo sync_tasks cho JavGuru...
[261008-165238.705] [Port:5016] [System] ✔️ Javguru Player worker started at http://localhost:5016
 * Serving Flask app 'server'
 * Debug mode: off
[261008-165239.980] [Port:5016] [JavGuru] Session is warm. ✔️
[261008-165243.688] [Port:5016] [System] ✔️RAM chiếm dụng: 148.25M | NLTK: 0.00M | CPU: 11.6%
[261008-165248.688] [Port:5016] [System] ✔️RAM chiếm dụng: 148.25M | NLTK: 0.00M | CPU: 3.5%
[261008-165253.688] [Port:5016] [System] ✔️RAM chiếm dụng: 148.25M | NLTK: 0.00M | CPU: 6.5%
[261008-165258.689] [Port:5016] [System] ✔️RAM chiếm dụng: 148.25M | NLTK: 0.00M | CPU: 3.5%
[261008-165303.690] [Port:5016] [System] ✔️RAM chiếm dụng: 148.25M | NLTK: 0.00M | CPU: 3.5%
[261008-165308.691] [Port:5016] [System] ✔️RAM chiếm dụng: 148.30M | NLTK: 0.00M | CPU: 7.1%
[261008-165313.692] [Port:5016] [System] ✔️RAM chiếm dụng: 148.30M | NLTK: 0.00M | CPU: 6.3%
[261008-165318.693] [Port:5016] [System] ✔️RAM chiếm dụng: 148.30M | NLTK: 0.00M | CPU: 4.2%
[261008-165323.694] [Port:5016] [System] ✔️RAM chiếm dụng: 148.30M | NLTK: 0.00M | CPU: 3.5%
[261008-165328.695] [Port:5016] [System] ✔️RAM chiếm dụng: 148.30M | NLTK: 0.00M | CPU: 5.4%
[261008-165331.755] [Port:5016] [System] ⚠️ Nhận tín hiệu dừng (Ctrl+C), đang lưu dữ liệu an toàn...
[261008-165331.759] [Port:5016] [System] ✔️ Đã thoát an toàn.
[261008-165801.249] [Port:5016] [System] ✔️ Kiểm tra đủ package cơ bản...
[261008-165802.225] [Port:5016] [System] ✔️ Đã xóa cache trong bộ nhớ khi khởi động.
[261008-165802.226] [Port:5016] [System] ✔️RAM chiếm dụng: 138.68M | NLTK: 0.00M | CPU: 0.0%
[261008-165802.230] [Port:5016] [System] ⏳ Đang tổng hợp dữ liệu actress, genre, maker...
[261008-165802.238] [Port:5016] [System] ✔️ Hoàn tất tổng hợp tags.
[261008-165802.238] [Port:5016] [System] ℹ️ Lấy domain từ database: javguru.com
[261008-165802.239] [Port:5016] [JavGuru] Đã load session từ database.
[261008-165802.239] [Port:5016] [JavGuru] Warming up session... ⏳
[261008-165802.239] [Port:5016] [JavGuru] Khởi tạo sync_tasks cho JavGuru...
[261008-165802.239] [Port:5016] [System] ✔️ Javguru Player worker started at http://localhost:5016
 * Serving Flask app 'server'
 * Debug mode: off
[261008-165803.788] [Port:5016] [JavGuru] Session is warm. ✔️
[261008-165807.227] [Port:5016] [System] ✔️RAM chiếm dụng: 148.75M | NLTK: 0.00M | CPU: 20.2%
[261008-165812.227] [Port:5016] [System] ✔️RAM chiếm dụng: 148.75M | NLTK: 0.00M | CPU: 69.1%
[261008-165817.228] [Port:5016] [System] ✔️RAM chiếm dụng: 148.75M | NLTK: 0.00M | CPU: 18.9%
[261008-165822.229] [Port:5016] [System] ✔️RAM chiếm dụng: 148.75M | NLTK: 0.00M | CPU: 10.3%
[261008-165827.230] [Port:5016] [System] ✔️RAM chiếm dụng: 148.75M | NLTK: 0.00M | CPU: 11.4%
[261008-165832.231] [Port:5016] [System] ✔️RAM chiếm dụng: 148.79M | NLTK: 0.00M | CPU: 11.7%
[261008-165837.232] [Port:5016] [System] ✔️RAM chiếm dụng: 148.79M | NLTK: 0.00M | CPU: 7.0%
[261008-165842.232] [Port:5016] [System] ✔️RAM chiếm dụng: 148.79M | NLTK: 0.00M | CPU: 4.9%
[261008-165847.233] [Port:5016] [System] ✔️RAM chiếm dụng: 148.79M | NLTK: 0.00M | CPU: 9.4%
[261008-165852.233] [Port:5016] [System] ✔️RAM chiếm dụng: 148.79M | NLTK: 0.00M | CPU: 12.6%
[261008-165857.234] [Port:5016] [System] ✔️RAM chiếm dụng: 148.79M | NLTK: 0.00M | CPU: 21.0%
[261008-165902.235] [Port:5016] [System] ✔️RAM chiếm dụng: 148.73M | NLTK: 0.00M | CPU: 14.9%
[261008-165907.236] [Port:5016] [System] ✔️RAM chiếm dụng: 148.73M | NLTK: 0.00M | CPU: 3.6%
[261008-165912.237] [Port:5016] [System] ✔️RAM chiếm dụng: 148.73M | NLTK: 0.00M | CPU: 6.7%
[261008-165917.237] [Port:5016] [System] ✔️RAM chiếm dụng: 148.73M | NLTK: 0.00M | CPU: 4.4%
[261008-165922.237] [Port:5016] [System] ✔️RAM chiếm dụng: 148.73M | NLTK: 0.00M | CPU: 5.5%
[261008-165927.239] [Port:5016] [System] ✔️RAM chiếm dụng: 148.73M | NLTK: 0.00M | CPU: 9.5%
[261008-165932.240] [Port:5016] [System] ✔️RAM chiếm dụng: 148.73M | NLTK: 0.00M | CPU: 2.9%
[261008-165937.240] [Port:5016] [System] ✔️RAM chiếm dụng: 148.73M | NLTK: 0.00M | CPU: 1.5%
[261008-165942.242] [Port:5016] [System] ✔️RAM chiếm dụng: 148.73M | NLTK: 0.00M | CPU: 5.4%
[261008-165947.242] [Port:5016] [System] ✔️RAM chiếm dụng: 148.73M | NLTK: 0.00M | CPU: 2.8%
[261008-165952.243] [Port:5016] [System] ✔️RAM chiếm dụng: 148.73M | NLTK: 0.00M | CPU: 6.7%
[261008-165957.243] [Port:5016] [System] ✔️RAM chiếm dụng: 148.73M | NLTK: 0.00M | CPU: 11.7%
[261008-170002.243] [Port:5016] [System] ✔️RAM chiếm dụng: 148.73M | NLTK: 0.00M | CPU: 10.4%
[261008-170007.244] [Port:5016] [System] ✔️RAM chiếm dụng: 148.73M | NLTK: 0.00M | CPU: 11.9%
[261008-170012.244] [Port:5016] [System] ✔️RAM chiếm dụng: 148.73M | NLTK: 0.00M | CPU: 12.7%
[261008-170017.245] [Port:5016] [System] ✔️RAM chiếm dụng: 148.70M | NLTK: 0.00M | CPU: 12.3%
[261008-170022.246] [Port:5016] [System] ✔️RAM chiếm dụng: 148.70M | NLTK: 0.00M | CPU: 3.7%
[261008-170027.246] [Port:5016] [System] ✔️RAM chiếm dụng: 148.70M | NLTK: 0.00M | CPU: 8.7%
[261008-170028.137] [Port:5016] [System] ⚠️ Nhận tín hiệu dừng (Ctrl+C), đang lưu dữ liệu an toàn...
[261008-170028.139] [Port:5016] [System] ✔️ Đã thoát an toàn.
[261008-224005.310] [Port:5016] [System] ✔️ Kiểm tra đủ package cơ bản...
[261008-224007.032] [Port:5016] [System] ✔️ Đã xóa cache trong bộ nhớ khi khởi động.
[261008-224007.034] [Port:5016] [System] ✔️RAM chiếm dụng: 138.33M | NLTK: 0.00M | CPU: 0.0%
[261008-224007.046] [Port:5016] [System] ⏳ Đang tổng hợp dữ liệu actress, genre, maker...
[261008-224007.059] [Port:5016] [System] ✔️ Hoàn tất tổng hợp tags.
[261008-224007.059] [Port:5016] [System] ℹ️ Lấy domain từ database: javguru.com
[261008-224007.063] [Port:5016] [JavGuru] Đã load session từ database.
[261008-224007.063] [Port:5016] [JavGuru] Warming up session... ⏳
[261008-224007.063] [Port:5016] [JavGuru] Khởi tạo sync_tasks cho JavGuru...
[261008-224007.063] [Port:5016] [System] ✔️ Javguru Player worker started at http://localhost:5016
 * Serving Flask app 'server'
 * Debug mode: off
[261008-224008.698] [Port:5016] [JavGuru] Session is warm. ✔️
[261008-224012.034] [Port:5016] [System] ✔️RAM chiếm dụng: 148.06M | NLTK: 0.00M | CPU: 7.3%
[261008-224017.035] [Port:5016] [System] ✔️RAM chiếm dụng: 148.06M | NLTK: 0.00M | CPU: 4.8%
[261008-225250.268] [Port:5016] [System] ✔️ Kiểm tra đủ package cơ bản...
[261008-225251.087] [Port:5016] [System] ✔️ Đã xóa cache trong bộ nhớ khi khởi động.
[261008-225251.088] [Port:5016] [System] ✔️RAM chiếm dụng: 138.81M | NLTK: 0.00M | CPU: 0.0%
[261008-225251.092] [Port:5016] [System] ⏳ Đang tổng hợp dữ liệu actress, genre, maker...
[261008-225251.098] [Port:5016] [System] ✔️ Hoàn tất tổng hợp tags.
[261008-225251.098] [Port:5016] [System] ℹ️ Lấy domain từ database: javguru.com
[261008-225251.099] [Port:5016] [JavGuru] Đã load session từ database.
[261008-225251.099] [Port:5016] [JavGuru] Warming up session... ⏳
[261008-225251.099] [Port:5016] [JavGuru] Khởi tạo sync_tasks cho JavGuru...
[261008-225251.100] [Port:5016] [System] ✔️ Javguru Player worker started at http://localhost:5016
 * Serving Flask app 'server'
 * Debug mode: off
[261008-225252.681] [Port:5016] [JavGuru] Session is warm. ✔️
[261008-225256.089] [Port:5016] [System] ✔️RAM chiếm dụng: 148.88M | NLTK: 0.00M | CPU: 5.4%
[261008-225301.090] [Port:5016] [System] ✔️RAM chiếm dụng: 148.88M | NLTK: 0.00M | CPU: 26.4%
[261008-225306.091] [Port:5016] [System] ✔️RAM chiếm dụng: 148.88M | NLTK: 0.00M | CPU: 37.2%
[261008-225311.091] [Port:5016] [System] ✔️RAM chiếm dụng: 148.88M | NLTK: 0.00M | CPU: 16.7%
[261008-225316.092] [Port:5016] [System] ✔️RAM chiếm dụng: 148.88M | NLTK: 0.00M | CPU: 14.5%
[261008-225321.093] [Port:5016] [System] ✔️RAM chiếm dụng: 148.92M | NLTK: 0.00M | CPU: 17.8%
[261008-225326.093] [Port:5016] [System] ✔️RAM chiếm dụng: 148.92M | NLTK: 0.00M | CPU: 6.8%
[261008-225331.093] [Port:5016] [System] ✔️RAM chiếm dụng: 148.92M | NLTK: 0.00M | CPU: 13.5%
[261008-225336.094] [Port:5016] [System] ✔️RAM chiếm dụng: 148.92M | NLTK: 0.00M | CPU: 8.6%
[261008-225341.094] [Port:5016] [System] ✔️RAM chiếm dụng: 148.92M | NLTK: 0.00M | CPU: 8.4%
[261008-225346.095] [Port:5016] [System] ✔️RAM chiếm dụng: 148.92M | NLTK: 0.00M | CPU: 5.7%
[261008-225351.096] [Port:5016] [System] ✔️RAM chiếm dụng: 148.87M | NLTK: 0.00M | CPU: 6.6%
[261008-225356.097] [Port:5016] [System] ✔️RAM chiếm dụng: 148.87M | NLTK: 0.00M | CPU: 9.1%
[261008-225401.098] [Port:5016] [System] ✔️RAM chiếm dụng: 148.87M | NLTK: 0.00M | CPU: 9.5%
[261008-225406.098] [Port:5016] [System] ✔️RAM chiếm dụng: 148.87M | NLTK: 0.00M | CPU: 7.7%
[261008-225411.099] [Port:5016] [System] ✔️RAM chiếm dụng: 148.87M | NLTK: 0.00M | CPU: 8.0%
[261008-225416.100] [Port:5016] [System] ✔️RAM chiếm dụng: 148.87M | NLTK: 0.00M | CPU: 7.0%
[261008-225421.100] [Port:5016] [System] ✔️RAM chiếm dụng: 148.87M | NLTK: 0.00M | CPU: 5.4%
[261008-225426.101] [Port:5016] [System] ✔️RAM chiếm dụng: 148.87M | NLTK: 0.00M | CPU: 25.7%
[261008-225431.101] [Port:5016] [System] ✔️RAM chiếm dụng: 148.87M | NLTK: 0.00M | CPU: 12.8%
[261008-225436.102] [Port:5016] [System] ✔️RAM chiếm dụng: 148.87M | NLTK: 0.00M | CPU: 3.5%
[261008-225441.102] [Port:5016] [System] ✔️RAM chiếm dụng: 148.87M | NLTK: 0.00M | CPU: 1.6%
[261008-225446.103] [Port:5016] [System] ✔️RAM chiếm dụng: 148.87M | NLTK: 0.00M | CPU: 9.1%
[261008-225451.104] [Port:5016] [System] ✔️RAM chiếm dụng: 148.87M | NLTK: 0.00M | CPU: 11.4%
[261008-225456.105] [Port:5016] [System] ✔️RAM chiếm dụng: 148.87M | NLTK: 0.00M | CPU: 13.6%
[261008-225501.106] [Port:5016] [System] ✔️RAM chiếm dụng: 148.87M | NLTK: 0.00M | CPU: 15.7%
[261008-225506.106] [Port:5016] [System] ✔️RAM chiếm dụng: 148.84M | NLTK: 0.00M | CPU: 16.7%
[261008-225511.108] [Port:5016] [System] ✔️RAM chiếm dụng: 148.84M | NLTK: 0.00M | CPU: 25.2%
[261008-225516.109] [Port:5016] [System] ✔️RAM chiếm dụng: 148.84M | NLTK: 0.00M | CPU: 13.4%
[261008-225521.109] [Port:5016] [System] ✔️RAM chiếm dụng: 148.84M | NLTK: 0.00M | CPU: 11.9%
[261008-225526.110] [Port:5016] [System] ✔️RAM chiếm dụng: 148.84M | NLTK: 0.00M | CPU: 7.7%
[261008-225531.111] [Port:5016] [System] ✔️RAM chiếm dụng: 148.84M | NLTK: 0.00M | CPU: 8.2%
[261008-225536.112] [Port:5016] [System] ✔️RAM chiếm dụng: 148.84M | NLTK: 0.00M | CPU: 2.2%
[261008-225541.113] [Port:5016] [System] ✔️RAM chiếm dụng: 148.84M | NLTK: 0.00M | CPU: 1.8%
[261008-225546.114] [Port:5016] [System] ✔️RAM chiếm dụng: 148.84M | NLTK: 0.00M | CPU: 2.5%
[261008-225551.114] [Port:5016] [System] ✔️RAM chiếm dụng: 148.84M | NLTK: 0.00M | CPU: 2.3%
[261008-225552.682] [Port:5016] [JavGuru] Warming up session... ⏳
[261008-225554.131] [Port:5016] [JavGuru] Session is warm. ✔️
[261008-225556.115] [Port:5016] [System] ✔️RAM chiếm dụng: 148.94M | NLTK: 0.00M | CPU: 3.1%
[261008-225601.116] [Port:5016] [System] ✔️RAM chiếm dụng: 148.94M | NLTK: 0.00M | CPU: 5.0%
[261008-225606.117] [Port:5016] [System] ✔️RAM chiếm dụng: 148.94M | NLTK: 0.00M | CPU: 4.6%
[261008-225611.117] [Port:5016] [System] ✔️RAM chiếm dụng: 148.94M | NLTK: 0.00M | CPU: 4.1%
[261008-225616.117] [Port:5016] [System] ✔️RAM chiếm dụng: 148.94M | NLTK: 0.00M | CPU: 4.4%
[261008-225621.118] [Port:5016] [System] ✔️RAM chiếm dụng: 148.94M | NLTK: 0.00M | CPU: 2.0%
[261008-225626.119] [Port:5016] [System] ✔️RAM chiếm dụng: 148.94M | NLTK: 0.00M | CPU: 5.1%
[261008-225631.119] [Port:5016] [System] ✔️RAM chiếm dụng: 148.94M | NLTK: 0.00M | CPU: 12.6%
[261008-225636.120] [Port:5016] [System] ✔️RAM chiếm dụng: 148.94M | NLTK: 0.00M | CPU: 3.9%
[261008-225641.121] [Port:5016] [System] ✔️RAM chiếm dụng: 148.94M | NLTK: 0.00M | CPU: 7.8%
[261008-225646.122] [Port:5016] [System] ✔️RAM chiếm dụng: 148.94M | NLTK: 0.00M | CPU: 8.0%
[261008-225651.123] [Port:5016] [System] ✔️RAM chiếm dụng: 148.94M | NLTK: 0.00M | CPU: 3.9%
[261008-225656.123] [Port:5016] [System] ✔️RAM chiếm dụng: 148.94M | NLTK: 0.00M | CPU: 7.2%
[261008-225701.124] [Port:5016] [System] ✔️RAM chiếm dụng: 148.94M | NLTK: 0.00M | CPU: 7.3%
[261008-225706.124] [Port:5016] [System] ✔️RAM chiếm dụng: 148.94M | NLTK: 0.00M | CPU: 2.3%
[261008-225711.125] [Port:5016] [System] ✔️RAM chiếm dụng: 148.94M | NLTK: 0.00M | CPU: 3.9%
[261008-225716.125] [Port:5016] [System] ✔️RAM chiếm dụng: 148.94M | NLTK: 0.00M | CPU: 6.0%
[261008-225721.126] [Port:5016] [System] ✔️RAM chiếm dụng: 148.94M | NLTK: 0.00M | CPU: 12.1%
[261008-225726.127] [Port:5016] [System] ✔️RAM chiếm dụng: 148.94M | NLTK: 0.00M | CPU: 18.3%
[261008-225731.127] [Port:5016] [System] ✔️RAM chiếm dụng: 148.94M | NLTK: 0.00M | CPU: 13.0%
[261008-225736.127] [Port:5016] [System] ✔️RAM chiếm dụng: 148.94M | NLTK: 0.00M | CPU: 6.8%
[261008-225741.128] [Port:5016] [System] ✔️RAM chiếm dụng: 148.94M | NLTK: 0.00M | CPU: 1.8%
[261008-225746.129] [Port:5016] [System] ✔️RAM chiếm dụng: 148.99M | NLTK: 0.00M | CPU: 4.2%
[261008-225746.528] [Port:5016] [System] ⚠️ Nhận tín hiệu dừng (Ctrl+C), đang lưu dữ liệu an toàn...
[261008-225746.531] [Port:5016] [System] ✔️ Đã thoát an toàn.
[261008-225758.112] [Port:5016] [System] ✔️ Kiểm tra đủ package cơ bản...
[261008-225758.977] [Port:5016] [System] ✔️ Đã xóa cache trong bộ nhớ khi khởi động.
[261008-225758.978] [Port:5016] [System] ✔️RAM chiếm dụng: 138.75M | NLTK: 0.00M | CPU: 0.0%
[261008-225758.982] [Port:5016] [System] ⏳ Đang tổng hợp dữ liệu actress, genre, maker...
[261008-225758.989] [Port:5016] [System] ✔️ Hoàn tất tổng hợp tags.
[261008-225758.989] [Port:5016] [System] ℹ️ Lấy domain từ database: javguru.com
[261008-225758.990] [Port:5016] [JavGuru] Đã load session từ database.
[261008-225758.990] [Port:5016] [JavGuru] Warming up session... ⏳
[261008-225758.990] [Port:5016] [JavGuru] Khởi tạo sync_tasks cho JavGuru...
[261008-225758.990] [Port:5016] [System] ✔️ Javguru Player worker started at http://localhost:5016
 * Serving Flask app 'server'
 * Debug mode: off
[261008-225800.244] [Port:5016] [JavGuru] Session is warm. ✔️
[261008-225803.978] [Port:5016] [System] ✔️RAM chiếm dụng: 148.59M | NLTK: 0.00M | CPU: 3.9%
[261008-225805.584] [Port:5016] [System] ⚠️ Nhận tín hiệu dừng (Ctrl+C), đang lưu dữ liệu an toàn...
[261008-225805.586] [Port:5016] [System] ✔️ Đã thoát an toàn.
