[261008-154959.472] [Port:7012] [System] ✔️ Kiểm tra đủ package cơ bản...
[261008-155000.380] [Port:7012] [System] ✔️ Đã xóa cache trong bộ nhớ khi khởi động.
[261008-155000.382] [Port:7012] [System] ✔️RAM chiếm dụng: 138.75M | NLTK: 0.00M | CPU: 0.0%
[261008-155000.401] [Port:7012] [System] ⏳ Đang tổng hợp dữ liệu actress, genre, maker...
[261008-155000.486] [Port:7012] [System] ✔️ Hoàn tất tổng hợp tags.
[261008-155000.491] [Port:7012] [System] ℹ️ Lấy domain từ database: javtiful.com
[261008-155000.492] [Port:7012] [Javtiful] Khởi tạo sync_tasks cho Javtiful...
[261008-155000.492] [Port:7012] [System] ✔️ Javtiful Player worker started at http://localhost:7012
 * Serving Flask app 'server'
 * Debug mode: off
[261008-155005.383] [Port:7012] [System] ✔️RAM chiếm dụng: 159.97M | NLTK: 0.00M | CPU: 15.5%
[261008-155010.384] [Port:7012] [System] ✔️RAM chiếm dụng: 159.97M | NLTK: 0.00M | CPU: 17.4%
[261008-155244.833] [Port:7012] [System] ✔️ Kiểm tra đủ package cơ bản...
[261008-155245.821] [Port:7012] [System] ✔️ Đã xóa cache trong bộ nhớ khi khởi động.
[261008-155245.822] [Port:7012] [System] ✔️RAM chiếm dụng: 138.24M | NLTK: 0.00M | CPU: 0.0%
[261008-155245.841] [Port:7012] [System] ⏳ Đang tổng hợp dữ liệu actress, genre, maker...
[261008-155245.915] [Port:7012] [System] ✔️ Hoàn tất tổng hợp tags.
[261008-155245.917] [Port:7012] [System] ℹ️ Lấy domain từ database: javtiful.com
[261008-155245.918] [Port:7012] [Javtiful] Khởi tạo sync_tasks cho Javtiful...
[261008-155245.918] [Port:7012] [System] ✔️ Javtiful Player worker started at http://localhost:7012
 * Serving Flask app 'server'
 * Debug mode: off
[261008-155252.738] [Port:7012] [System] ✔️ Kiểm tra đủ package cơ bản...
[261008-155253.569] [Port:7012] [System] ✔️ Đã xóa cache trong bộ nhớ khi khởi động.
[261008-155253.571] [Port:7012] [System] ✔️RAM chiếm dụng: 138.68M | NLTK: 0.00M | CPU: 0.0%
[261008-155253.590] [Port:7012] [System] ⏳ Đang tổng hợp dữ liệu actress, genre, maker...
[261008-155253.685] [Port:7012] [System] ✔️ Hoàn tất tổng hợp tags.
[261008-155253.688] [Port:7012] [System] ℹ️ Lấy domain từ database: javtiful.com
[261008-155253.689] [Port:7012] [Javtiful] Khởi tạo sync_tasks cho Javtiful...
[261008-155253.689] [Port:7012] [System] ✔️ Javtiful Player worker started at http://localhost:7012
 * Serving Flask app 'server'
 * Debug mode: off
[261008-155258.571] [Port:7012] [System] ✔️RAM chiếm dụng: 159.75M | NLTK: 0.00M | CPU: 8.1%
[261008-155303.572] [Port:7012] [System] ✔️RAM chiếm dụng: 159.75M | NLTK: 0.00M | CPU: 4.9%
[261008-155308.573] [Port:7012] [System] ✔️RAM chiếm dụng: 159.75M | NLTK: 0.00M | CPU: 3.3%
[261008-155313.574] [Port:7012] [System] ✔️RAM chiếm dụng: 159.75M | NLTK: 0.00M | CPU: 8.0%
[261008-155318.575] [Port:7012] [System] ✔️RAM chiếm dụng: 159.75M | NLTK: 0.00M | CPU: 9.9%
[261008-155323.576] [Port:7012] [System] ✔️RAM chiếm dụng: 159.84M | NLTK: 0.00M | CPU: 6.8%
[261008-155328.576] [Port:7012] [System] ✔️RAM chiếm dụng: 159.84M | NLTK: 0.00M | CPU: 10.7%
[261008-155333.577] [Port:7012] [System] ✔️RAM chiếm dụng: 159.84M | NLTK: 0.00M | CPU: 12.9%
[261008-155338.577] [Port:7012] [System] ✔️RAM chiếm dụng: 159.84M | NLTK: 0.00M | CPU: 7.3%
[261008-155343.578] [Port:7012] [System] ✔️RAM chiếm dụng: 159.84M | NLTK: 0.00M | CPU: 5.6%
[261008-155348.579] [Port:7012] [System] ✔️RAM chiếm dụng: 159.84M | NLTK: 0.00M | CPU: 14.5%
[261008-155353.580] [Port:7012] [System] ✔️RAM chiếm dụng: 159.79M | NLTK: 0.00M | CPU: 16.5%
[261008-155358.581] [Port:7012] [System] ✔️RAM chiếm dụng: 159.79M | NLTK: 0.00M | CPU: 4.5%
[261008-155403.582] [Port:7012] [System] ✔️RAM chiếm dụng: 159.79M | NLTK: 0.00M | CPU: 4.0%
[261008-155408.582] [Port:7012] [System] ✔️RAM chiếm dụng: 159.79M | NLTK: 0.00M | CPU: 13.6%
[261008-155413.584] [Port:7012] [System] ✔️RAM chiếm dụng: 159.79M | NLTK: 0.00M | CPU: 6.0%
[261008-155418.585] [Port:7012] [System] ✔️RAM chiếm dụng: 159.79M | NLTK: 0.00M | CPU: 10.5%
[261008-155423.585] [Port:7012] [System] ✔️RAM chiếm dụng: 159.79M | NLTK: 0.00M | CPU: 7.2%
[261008-155428.586] [Port:7012] [System] ✔️RAM chiếm dụng: 159.79M | NLTK: 0.00M | CPU: 5.8%
[261008-155433.587] [Port:7012] [System] ✔️RAM chiếm dụng: 159.79M | NLTK: 0.00M | CPU: 8.9%
[261008-155438.588] [Port:7012] [System] ✔️RAM chiếm dụng: 159.79M | NLTK: 0.00M | CPU: 4.2%
[261008-155443.589] [Port:7012] [System] ✔️RAM chiếm dụng: 159.79M | NLTK: 0.00M | CPU: 9.2%
[261008-155448.589] [Port:7012] [System] ✔️RAM chiếm dụng: 159.79M | NLTK: 0.00M | CPU: 4.8%
[261008-155453.590] [Port:7012] [System] ✔️RAM chiếm dụng: 159.79M | NLTK: 0.00M | CPU: 7.7%
[261008-155458.590] [Port:7012] [System] ✔️RAM chiếm dụng: 159.79M | NLTK: 0.00M | CPU: 4.7%
[261008-155503.591] [Port:7012] [System] ✔️RAM chiếm dụng: 159.79M | NLTK: 0.00M | CPU: 1.9%
[261008-155508.591] [Port:7012] [System] ✔️RAM chiếm dụng: 159.76M | NLTK: 0.00M | CPU: 14.9%
[261008-155513.592] [Port:7012] [System] ✔️RAM chiếm dụng: 159.76M | NLTK: 0.00M | CPU: 9.9%
[261008-155518.593] [Port:7012] [System] ✔️RAM chiếm dụng: 159.76M | NLTK: 0.00M | CPU: 20.3%
[261008-155523.595] [Port:7012] [System] ✔️RAM chiếm dụng: 159.76M | NLTK: 0.00M | CPU: 24.3%
[261008-155528.596] [Port:7012] [System] ✔️RAM chiếm dụng: 159.76M | NLTK: 0.00M | CPU: 19.5%
[261008-155533.597] [Port:7012] [System] ✔️RAM chiếm dụng: 159.76M | NLTK: 0.00M | CPU: 6.3%
[261008-155538.598] [Port:7012] [System] ✔️RAM chiếm dụng: 159.76M | NLTK: 0.00M | CPU: 8.4%
[261008-155543.599] [Port:7012] [System] ✔️RAM chiếm dụng: 159.76M | NLTK: 0.00M | CPU: 3.3%
[261008-155548.600] [Port:7012] [System] ✔️RAM chiếm dụng: 159.76M | NLTK: 0.00M | CPU: 7.4%
[261008-155553.601] [Port:7012] [System] ✔️RAM chiếm dụng: 159.76M | NLTK: 0.00M | CPU: 9.7%
[261008-155558.602] [Port:7012] [System] ✔️RAM chiếm dụng: 159.76M | NLTK: 0.00M | CPU: 3.7%
[261008-155603.603] [Port:7012] [System] ✔️RAM chiếm dụng: 159.76M | NLTK: 0.00M | CPU: 10.8%
[261008-155608.604] [Port:7012] [System] ✔️RAM chiếm dụng: 159.76M | NLTK: 0.00M | CPU: 4.8%
[261008-155613.604] [Port:7012] [System] ✔️RAM chiếm dụng: 159.76M | NLTK: 0.00M | CPU: 3.4%
[261008-155618.605] [Port:7012] [System] ✔️RAM chiếm dụng: 159.76M | NLTK: 0.00M | CPU: 10.1%
[261008-155623.605] [Port:7012] [System] ✔️RAM chiếm dụng: 159.76M | NLTK: 0.00M | CPU: 6.4%
[261008-155628.607] [Port:7012] [System] ✔️RAM chiếm dụng: 159.76M | NLTK: 0.00M | CPU: 4.1%
[261008-155633.608] [Port:7012] [System] ✔️RAM chiếm dụng: 159.76M | NLTK: 0.00M | CPU: 8.1%
[261008-155638.608] [Port:7012] [System] ✔️RAM chiếm dụng: 159.76M | NLTK: 0.00M | CPU: 4.0%
[261008-155643.609] [Port:7012] [System] ✔️RAM chiếm dụng: 159.76M | NLTK: 0.00M | CPU: 6.5%
[261008-155648.610] [Port:7012] [System] ✔️RAM chiếm dụng: 159.76M | NLTK: 0.00M | CPU: 5.2%
[261008-155653.610] [Port:7012] [System] ✔️RAM chiếm dụng: 159.76M | NLTK: 0.00M | CPU: 11.1%
[261008-155658.611] [Port:7012] [System] ✔️RAM chiếm dụng: 159.76M | NLTK: 0.00M | CPU: 3.6%
[261008-155703.612] [Port:7012] [System] ✔️RAM chiếm dụng: 159.76M | NLTK: 0.00M | CPU: 4.8%
[261008-155708.613] [Port:7012] [System] ✔️RAM chiếm dụng: 159.76M | NLTK: 0.00M | CPU: 5.7%
[261008-155713.614] [Port:7012] [System] ✔️RAM chiếm dụng: 159.76M | NLTK: 0.00M | CPU: 7.0%
[261008-155718.615] [Port:7012] [System] ✔️RAM chiếm dụng: 159.76M | NLTK: 0.00M | CPU: 4.3%
[261008-155723.616] [Port:7012] [System] ✔️RAM chiếm dụng: 159.76M | NLTK: 0.00M | CPU: 10.8%
[261008-155728.618] [Port:7012] [System] ✔️RAM chiếm dụng: 159.76M | NLTK: 0.00M | CPU: 12.0%
[261008-155733.618] [Port:7012] [System] ✔️RAM chiếm dụng: 159.76M | NLTK: 0.00M | CPU: 16.5%
[261008-155738.619] [Port:7012] [System] ✔️RAM chiếm dụng: 159.76M | NLTK: 0.00M | CPU: 11.4%
[261008-155743.619] [Port:7012] [System] ✔️RAM chiếm dụng: 159.76M | NLTK: 0.00M | CPU: 10.7%
[261008-155748.620] [Port:7012] [System] ✔️RAM chiếm dụng: 159.76M | NLTK: 0.00M | CPU: 8.9%
[261008-155753.620] [Port:7012] [System] ✔️RAM chiếm dụng: 159.79M | NLTK: 0.00M | CPU: 3.5%
[261008-155758.621] [Port:7012] [System] ✔️RAM chiếm dụng: 159.79M | NLTK: 0.00M | CPU: 6.5%
[261008-155803.622] [Port:7012] [System] ✔️RAM chiếm dụng: 159.79M | NLTK: 0.00M | CPU: 8.1%
[261008-155808.623] [Port:7012] [System] ✔️RAM chiếm dụng: 159.79M | NLTK: 0.00M | CPU: 4.2%
[261008-155813.623] [Port:7012] [System] ✔️RAM chiếm dụng: 159.79M | NLTK: 0.00M | CPU: 8.4%
[261008-155818.625] [Port:7012] [System] ✔️RAM chiếm dụng: 159.79M | NLTK: 0.00M | CPU: 22.4%
[261008-155823.625] [Port:7012] [System] ✔️RAM chiếm dụng: 159.79M | NLTK: 0.00M | CPU: 7.9%
[261008-155828.626] [Port:7012] [System] ✔️RAM chiếm dụng: 159.79M | NLTK: 0.00M | CPU: 12.7%
[261008-155833.627] [Port:7012] [System] ✔️RAM chiếm dụng: 159.79M | NLTK: 0.00M | CPU: 9.0%
[261008-155838.628] [Port:7012] [System] ✔️RAM chiếm dụng: 159.79M | NLTK: 0.00M | CPU: 6.3%
[261008-155843.629] [Port:7012] [System] ✔️RAM chiếm dụng: 159.79M | NLTK: 0.00M | CPU: 4.2%
[261008-155848.630] [Port:7012] [System] ✔️RAM chiếm dụng: 159.79M | NLTK: 0.00M | CPU: 4.0%
[261008-155853.631] [Port:7012] [System] ✔️RAM chiếm dụng: 159.79M | NLTK: 0.00M | CPU: 11.2%
[261008-155858.631] [Port:7012] [System] ✔️RAM chiếm dụng: 159.79M | NLTK: 0.00M | CPU: 9.5%
[261008-155903.632] [Port:7012] [System] ✔️RAM chiếm dụng: 159.79M | NLTK: 0.00M | CPU: 22.3%
[261008-160156.507] [Port:5012] [System] ✔️ Kiểm tra đủ package cơ bản...
[261008-160157.350] [Port:5012] [System] ✔️ Đã xóa cache trong bộ nhớ khi khởi động.
[261008-160157.351] [Port:5012] [System] ✔️RAM chiếm dụng: 138.50M | NLTK: 0.00M | CPU: 0.0%
[261008-160157.371] [Port:5012] [System] ⏳ Đang tổng hợp dữ liệu actress, genre, maker...
[261008-160157.455] [Port:5012] [System] ✔️ Hoàn tất tổng hợp tags.
[261008-160157.458] [Port:5012] [System] ℹ️ Lấy domain từ database: javtiful.com
[261008-160157.459] [Port:5012] [Javtiful] Khởi tạo sync_tasks cho Javtiful...
[261008-160157.459] [Port:5012] [System] ✔️ Javtiful Player worker started at http://localhost:5012
 * Serving Flask app 'server'
 * Debug mode: off
[261008-160202.352] [Port:5012] [System] ✔️RAM chiếm dụng: 159.64M | NLTK: 0.00M | CPU: 8.3%
[261008-165100.397] [Port:5012] [System] ✔️ Kiểm tra đủ package cơ bản...
[261008-165101.341] [Port:5012] [System] ✔️ Đã xóa cache trong bộ nhớ khi khởi động.
[261008-165101.342] [Port:5012] [System] ✔️RAM chiếm dụng: 138.64M | NLTK: 0.00M | CPU: 0.0%
[261008-165101.365] [Port:5012] [System] ⏳ Đang tổng hợp dữ liệu actress, genre, maker...
[261008-165101.456] [Port:5012] [System] ✔️ Hoàn tất tổng hợp tags.
[261008-165101.458] [Port:5012] [System] ℹ️ Lấy domain từ database: javtiful.com
[261008-165101.459] [Port:5012] [Javtiful] Khởi tạo sync_tasks cho Javtiful...
[261008-165101.459] [Port:5012] [System] ✔️ Javtiful Player worker started at http://localhost:5012
 * Serving Flask app 'server'
 * Debug mode: off
[261008-165106.343] [Port:5012] [System] ✔️RAM chiếm dụng: 159.58M | NLTK: 0.00M | CPU: 7.3%
[261008-165111.344] [Port:5012] [System] ✔️RAM chiếm dụng: 159.58M | NLTK: 0.00M | CPU: 5.8%
[261008-165116.344] [Port:5012] [System] ✔️RAM chiếm dụng: 159.58M | NLTK: 0.00M | CPU: 6.5%
[261008-165121.346] [Port:5012] [System] ✔️RAM chiếm dụng: 159.58M | NLTK: 0.00M | CPU: 6.2%
[261008-165126.347] [Port:5012] [System] ✔️RAM chiếm dụng: 159.58M | NLTK: 0.00M | CPU: 9.0%
[261008-165131.347] [Port:5012] [System] ✔️RAM chiếm dụng: 159.64M | NLTK: 0.00M | CPU: 3.2%
[261008-165136.348] [Port:5012] [System] ✔️RAM chiếm dụng: 159.64M | NLTK: 0.00M | CPU: 7.5%
[261008-165141.349] [Port:5012] [System] ✔️RAM chiếm dụng: 159.64M | NLTK: 0.00M | CPU: 22.1%
[261008-165146.350] [Port:5012] [System] ✔️RAM chiếm dụng: 159.64M | NLTK: 0.00M | CPU: 11.1%
[261008-165151.351] [Port:5012] [System] ✔️RAM chiếm dụng: 159.64M | NLTK: 0.00M | CPU: 13.7%
[261008-165156.351] [Port:5012] [System] ✔️RAM chiếm dụng: 159.64M | NLTK: 0.00M | CPU: 13.0%
[261008-165201.353] [Port:5012] [System] ✔️RAM chiếm dụng: 159.58M | NLTK: 0.00M | CPU: 11.2%
[261008-165206.354] [Port:5012] [System] ✔️RAM chiếm dụng: 159.58M | NLTK: 0.00M | CPU: 27.0%
[261008-165211.355] [Port:5012] [System] ✔️RAM chiếm dụng: 159.58M | NLTK: 0.00M | CPU: 11.6%
[261008-165216.356] [Port:5012] [System] ✔️RAM chiếm dụng: 159.58M | NLTK: 0.00M | CPU: 8.5%
[261008-165221.357] [Port:5012] [System] ✔️RAM chiếm dụng: 159.58M | NLTK: 0.00M | CPU: 11.0%
[261008-165226.359] [Port:5012] [System] ✔️RAM chiếm dụng: 159.58M | NLTK: 0.00M | CPU: 18.3%
[261008-165231.360] [Port:5012] [System] ✔️RAM chiếm dụng: 159.58M | NLTK: 0.00M | CPU: 4.3%
[261008-165237.646] [Port:5012] [System] ✔️ Kiểm tra đủ package cơ bản...
[261008-165238.581] [Port:5012] [System] ✔️ Đã xóa cache trong bộ nhớ khi khởi động.
[261008-165238.583] [Port:5012] [System] ✔️RAM chiếm dụng: 138.75M | NLTK: 0.00M | CPU: 0.0%
[261008-165238.606] [Port:5012] [System] ⏳ Đang tổng hợp dữ liệu actress, genre, maker...
[261008-165238.700] [Port:5012] [System] ✔️ Hoàn tất tổng hợp tags.
[261008-165238.704] [Port:5012] [System] ℹ️ Lấy domain từ database: javtiful.com
[261008-165238.704] [Port:5012] [Javtiful] Khởi tạo sync_tasks cho Javtiful...
[261008-165238.704] [Port:5012] [System] ✔️ Javtiful Player worker started at http://localhost:5012
 * Serving Flask app 'server'
 * Debug mode: off
[261008-165243.584] [Port:5012] [System] ✔️RAM chiếm dụng: 159.62M | NLTK: 0.00M | CPU: 12.7%
[261008-165248.584] [Port:5012] [System] ✔️RAM chiếm dụng: 159.62M | NLTK: 0.00M | CPU: 3.6%
[261008-165253.585] [Port:5012] [System] ✔️RAM chiếm dụng: 159.62M | NLTK: 0.00M | CPU: 6.5%
[261008-165258.586] [Port:5012] [System] ✔️RAM chiếm dụng: 159.62M | NLTK: 0.00M | CPU: 3.6%
[261008-165303.586] [Port:5012] [System] ✔️RAM chiếm dụng: 159.62M | NLTK: 0.00M | CPU: 3.4%
[261008-165308.587] [Port:5012] [System] ✔️RAM chiếm dụng: 159.68M | NLTK: 0.00M | CPU: 7.1%
[261008-165313.587] [Port:5012] [System] ✔️RAM chiếm dụng: 159.68M | NLTK: 0.00M | CPU: 5.6%
[261008-165318.588] [Port:5012] [System] ✔️RAM chiếm dụng: 159.68M | NLTK: 0.00M | CPU: 5.0%
[261008-165323.589] [Port:5012] [System] ✔️RAM chiếm dụng: 159.68M | NLTK: 0.00M | CPU: 3.3%
[261008-165328.590] [Port:5012] [System] ✔️RAM chiếm dụng: 159.68M | NLTK: 0.00M | CPU: 5.4%
[261008-165801.010] [Port:5012] [System] ✔️ Kiểm tra đủ package cơ bản...
[261008-165802.057] [Port:5012] [System] ✔️ Đã xóa cache trong bộ nhớ khi khởi động.
[261008-165802.059] [Port:5012] [System] ✔️RAM chiếm dụng: 138.70M | NLTK: 0.00M | CPU: 0.0%
[261008-165802.084] [Port:5012] [System] ⏳ Đang tổng hợp dữ liệu actress, genre, maker...
[261008-165802.176] [Port:5012] [System] ✔️ Hoàn tất tổng hợp tags.
[261008-165802.179] [Port:5012] [System] ℹ️ Lấy domain từ database: javtiful.com
[261008-165802.180] [Port:5012] [Javtiful] Khởi tạo sync_tasks cho Javtiful...
[261008-165802.180] [Port:5012] [System] ✔️ Javtiful Player worker started at http://localhost:5012
 * Serving Flask app 'server'
 * Debug mode: off
[261008-165807.059] [Port:5012] [System] ✔️RAM chiếm dụng: 159.71M | NLTK: 0.00M | CPU: 21.4%
[261008-165808.313] [Port:5012] [API] 127.0.0.1 GET 200 /
[261008-165808.435] [Port:5012] [API] 127.0.0.1 GET 200 /static/oneplayer/style.css?v=17
[261008-165808.455] [Port:5012] [API] 127.0.0.1 GET 200 /static/oneplayer/config.js?v=17
[261008-165808.458] [Port:5012] [API] 127.0.0.1 GET 200 /static/oneplayer/player.js?v=17
[261008-165808.652] [Port:5012] [API] 127.0.0.1 GET 200 /static/oneplayer/explorer.js?v=17
[261008-165808.656] [Port:5012] [API] 127.0.0.1 GET 200 /static/oneplayer/app.js?v=17
[261008-165808.658] [Port:5012] [API] 127.0.0.1 GET 200 /manifest.json
[261008-165808.743] [Port:5012] [System] ⚠️ Không thể kết nối nextdjav.db (None): _path_normpath: path should be string, bytes or os.PathLike, not NoneType
[261008-165808.744] [Port:5012] [API] 127.0.0.1 GET 200 /api/videos?sort_by=release_date&sort_asc=false&limit=12&offset=0&page=1&filter_has_cover=true
[261008-165808.786] [Port:5012] [System] ⚠️ Không thể kết nối nextdjav.db (None): _path_normpath: path should be string, bytes or os.PathLike, not NoneType
[261008-165808.787] [Port:5012] [API] 127.0.0.1 GET 200 /api/categories/stats
[261008-165808.814] [Port:5012] [System] ⚠️ Không thể kết nối nextdjav.db (None): _path_normpath: path should be string, bytes or os.PathLike, not NoneType
[261008-165808.815] [Port:5012] [API] 127.0.0.1 GET 200 /api/videos?sort_by=release_date&sort_asc=false&limit=12&offset=0&page=1&filter_has_cover=true
[261008-165809.183] [Port:5012] [API] 127.0.0.1 GET 200 /static/favicon_javtiful.ico
[261008-165809.189] [Port:5012] [API] 127.0.0.1 GET 200 /apple-icon.png
[261008-165812.061] [Port:5012] [System] ✔️RAM chiếm dụng: 162.95M | NLTK: 0.00M | CPU: 68.0%
[261008-165815.340] [Port:5012] [API] 127.0.0.1 GET 200 /api/media?id=113804/miae-259-reducing-mosaic
[261008-165815.351] [Port:5012] [API] 127.0.0.1 GET 200 /api/media?id=113799/start-634
[261008-165815.361] [Port:5012] [API] 127.0.0.1 GET 200 /api/media?id=113802/adn-304-reducing-mosaic
[261008-165815.374] [Port:5012] [API] 127.0.0.1 GET 200 /api/media?id=113801/dldss-547
[261008-165815.385] [Port:5012] [API] 127.0.0.1 GET 200 /api/media?id=113800/start-638
[261008-165815.399] [Port:5012] [API] 127.0.0.1 GET 200 /api/media?id=113803/adn-422-reducing-mosaic
[261008-165815.410] [Port:5012] [API] 127.0.0.1 GET 200 /api/media?id=113793/fc2ppv-4979033
[261008-165815.420] [Port:5012] [API] 127.0.0.1 GET 200 /api/media?id=113797/sdde-768
[261008-165815.434] [Port:5012] [API] 127.0.0.1 GET 200 /api/media?id=113796/ssis-069
[261008-165815.444] [Port:5012] [API] 127.0.0.1 GET 200 /api/media?id=113795/scop-725
[261008-165815.457] [Port:5012] [API] 127.0.0.1 GET 200 /api/media?id=113798/sdmm-240
[261008-165815.468] [Port:5012] [API] 127.0.0.1 GET 200 /api/media?id=113794/akdl-215
[261008-165817.062] [Port:5012] [System] ✔️RAM chiếm dụng: 163.07M | NLTK: 0.00M | CPU: 20.1%
[261008-165822.062] [Port:5012] [System] ✔️RAM chiếm dụng: 163.07M | NLTK: 0.00M | CPU: 10.8%
[261008-165827.062] [Port:5012] [System] ✔️RAM chiếm dụng: 163.07M | NLTK: 0.00M | CPU: 11.4%
[261008-165832.064] [Port:5012] [System] ✔️RAM chiếm dụng: 163.11M | NLTK: 0.00M | CPU: 11.3%
[261008-165837.064] [Port:5012] [System] ✔️RAM chiếm dụng: 163.11M | NLTK: 0.00M | CPU: 7.3%
[261008-165842.065] [Port:5012] [System] ✔️RAM chiếm dụng: 163.11M | NLTK: 0.00M | CPU: 4.8%
[261008-165847.065] [Port:5012] [System] ✔️RAM chiếm dụng: 163.11M | NLTK: 0.00M | CPU: 9.6%
[261008-165852.066] [Port:5012] [System] ✔️RAM chiếm dụng: 163.11M | NLTK: 0.00M | CPU: 12.3%
[261008-165854.155] [Port:5012] [API] 192.168.102.100 GET 200 /
[261008-165854.181] [Port:5012] [API] 192.168.102.100 GET 200 /static/oneplayer/style.css?v=17
[261008-165854.184] [Port:5012] [API] 192.168.102.100 GET 200 /static/oneplayer/config.js?v=17
[261008-165854.185] [Port:5012] [API] 192.168.102.100 GET 200 /static/oneplayer/player.js?v=17
[261008-165854.186] [Port:5012] [API] 192.168.102.100 GET 200 /static/oneplayer/explorer.js?v=17
[261008-165854.186] [Port:5012] [API] 192.168.102.100 GET 200 /static/oneplayer/app.js?v=17
[261008-165854.363] [Port:5012] [API] 192.168.102.100 GET 200 /manifest.json
[261008-165854.390] [Port:5012] [System] ⚠️ Không thể kết nối nextdjav.db (None): _path_normpath: path should be string, bytes or os.PathLike, not NoneType
[261008-165854.390] [Port:5012] [API] 192.168.102.100 GET 200 /api/videos?sort_by=release_date&sort_asc=false&limit=12&offset=0&page=1&filter_has_cover=true
[261008-165854.391] [Port:5012] [System] ⚠️ Không thể kết nối nextdjav.db (None): _path_normpath: path should be string, bytes or os.PathLike, not NoneType
[261008-165854.391] [Port:5012] [API] 192.168.102.100 GET 200 /api/categories/stats
[261008-165854.409] [Port:5012] [System] ⚠️ Không thể kết nối nextdjav.db (None): _path_normpath: path should be string, bytes or os.PathLike, not NoneType
[261008-165854.410] [Port:5012] [API] 192.168.102.100 GET 200 /api/videos?sort_by=release_date&sort_asc=false&limit=12&offset=0&page=1&filter_has_cover=true
[261008-165854.487] [Port:5012] [API] 192.168.102.100 GET 200 /api/media?id=113804/miae-259-reducing-mosaic
[261008-165854.498] [Port:5012] [API] 192.168.102.100 GET 200 /api/media?id=113799/start-634
[261008-165854.507] [Port:5012] [API] 192.168.102.100 GET 200 /api/media?id=113802/adn-304-reducing-mosaic
[261008-165854.517] [Port:5012] [API] 192.168.102.100 GET 200 /api/media?id=113801/dldss-547
[261008-165854.526] [Port:5012] [API] 192.168.102.100 GET 200 /api/media?id=113800/start-638
[261008-165854.536] [Port:5012] [API] 192.168.102.100 GET 200 /api/media?id=113803/adn-422-reducing-mosaic
[261008-165854.545] [Port:5012] [API] 192.168.102.100 GET 200 /api/media?id=113797/sdde-768
[261008-165854.557] [Port:5012] [API] 192.168.102.100 GET 200 /api/media?id=113794/akdl-215
[261008-165854.568] [Port:5012] [API] 192.168.102.100 GET 200 /api/media?id=113798/sdmm-240
[261008-165854.580] [Port:5012] [API] 192.168.102.100 GET 200 /api/media?id=113796/ssis-069
[261008-165854.593] [Port:5012] [API] 192.168.102.100 GET 200 /api/media?id=113793/fc2ppv-4979033
[261008-165854.605] [Port:5012] [API] 192.168.102.100 GET 200 /api/media?id=113795/scop-725
[261008-165857.066] [Port:5012] [System] ✔️RAM chiếm dụng: 163.28M | NLTK: 0.00M | CPU: 20.5%
[261008-165902.067] [Port:5012] [System] ✔️RAM chiếm dụng: 163.23M | NLTK: 0.00M | CPU: 15.7%
[261008-165907.069] [Port:5012] [System] ✔️RAM chiếm dụng: 163.23M | NLTK: 0.00M | CPU: 3.5%
[261008-165912.070] [Port:5012] [System] ✔️RAM chiếm dụng: 163.23M | NLTK: 0.00M | CPU: 6.7%
[261008-165917.071] [Port:5012] [System] ✔️RAM chiếm dụng: 163.23M | NLTK: 0.00M | CPU: 3.0%
[261008-165922.072] [Port:5012] [System] ✔️RAM chiếm dụng: 163.23M | NLTK: 0.00M | CPU: 7.1%
[261008-165927.072] [Port:5012] [System] ✔️RAM chiếm dụng: 163.23M | NLTK: 0.00M | CPU: 9.5%
[261008-165932.073] [Port:5012] [System] ✔️RAM chiếm dụng: 163.23M | NLTK: 0.00M | CPU: 2.8%
[261008-165937.073] [Port:5012] [System] ✔️RAM chiếm dụng: 163.23M | NLTK: 0.00M | CPU: 1.6%
[261008-165942.075] [Port:5012] [System] ✔️RAM chiếm dụng: 163.23M | NLTK: 0.00M | CPU: 5.3%
[261008-165947.075] [Port:5012] [System] ✔️RAM chiếm dụng: 163.23M | NLTK: 0.00M | CPU: 2.9%
[261008-165952.076] [Port:5012] [System] ✔️RAM chiếm dụng: 163.23M | NLTK: 0.00M | CPU: 6.7%
[261008-165957.076] [Port:5012] [System] ✔️RAM chiếm dụng: 163.23M | NLTK: 0.00M | CPU: 11.6%
[261008-170002.078] [Port:5012] [System] ✔️RAM chiếm dụng: 163.23M | NLTK: 0.00M | CPU: 10.3%
[261008-170007.079] [Port:5012] [System] ✔️RAM chiếm dụng: 163.23M | NLTK: 0.00M | CPU: 12.2%
[261008-170012.080] [Port:5012] [System] ✔️RAM chiếm dụng: 163.23M | NLTK: 0.00M | CPU: 12.6%
[261008-170017.082] [Port:5012] [System] ✔️RAM chiếm dụng: 163.20M | NLTK: 0.00M | CPU: 11.7%
[261008-170022.082] [Port:5012] [System] ✔️RAM chiếm dụng: 163.20M | NLTK: 0.00M | CPU: 4.4%
[261008-170027.083] [Port:5012] [System] ✔️RAM chiếm dụng: 163.20M | NLTK: 0.00M | CPU: 8.4%
[261008-224005.306] [Port:5012] [System] ✔️ Kiểm tra đủ package cơ bản...
[261008-224007.033] [Port:5012] [System] ✔️ Đã xóa cache trong bộ nhớ khi khởi động.
[261008-224007.035] [Port:5012] [System] ✔️RAM chiếm dụng: 138.21M | NLTK: 0.00M | CPU: 0.0%
[261008-224007.162] [Port:5012] [System] ⏳ Đang tổng hợp dữ liệu actress, genre, maker...
[261008-224007.239] [Port:5012] [System] ✔️ Hoàn tất tổng hợp tags.
[261008-224007.242] [Port:5012] [System] ℹ️ Lấy domain từ database: javtiful.com
[261008-224007.243] [Port:5012] [Javtiful] Khởi tạo sync_tasks cho Javtiful...
[261008-224007.243] [Port:5012] [System] ✔️ Javtiful Player worker started at http://localhost:5012
 * Serving Flask app 'server'
 * Debug mode: off
[261008-224012.035] [Port:5012] [System] ✔️RAM chiếm dụng: 158.36M | NLTK: 0.00M | CPU: 7.3%
[261008-224017.036] [Port:5012] [System] ✔️RAM chiếm dụng: 158.36M | NLTK: 0.00M | CPU: 4.8%
[261008-225250.060] [Port:5012] [System] ✔️ Kiểm tra đủ package cơ bản...
[261008-225251.005] [Port:5012] [System] ✔️ Đã xóa cache trong bộ nhớ khi khởi động.
[261008-225251.006] [Port:5012] [System] ✔️RAM chiếm dụng: 138.61M | NLTK: 0.00M | CPU: 0.0%
[261008-225251.032] [Port:5012] [System] ⏳ Đang tổng hợp dữ liệu actress, genre, maker...
[261008-225251.112] [Port:5012] [System] ✔️ Hoàn tất tổng hợp tags.
[261008-225251.115] [Port:5012] [System] ℹ️ Lấy domain từ database: javtiful.com
[261008-225251.115] [Port:5012] [Javtiful] Khởi tạo sync_tasks cho Javtiful...
[261008-225251.115] [Port:5012] [System] ✔️ Javtiful Player worker started at http://localhost:5012
 * Serving Flask app 'server'
 * Debug mode: off
[261008-225256.007] [Port:5012] [System] ✔️RAM chiếm dụng: 159.97M | NLTK: 0.00M | CPU: 6.2%
[261008-225300.809] [Port:5012] [API] 127.0.0.1 GET 200 /
[261008-225300.901] [Port:5012] [API] 127.0.0.1 GET 200 /static/oneplayer/style.css?v=17
[261008-225300.913] [Port:5012] [API] 127.0.0.1 GET 200 /static/oneplayer/config.js?v=17
[261008-225300.914] [Port:5012] [API] 127.0.0.1 GET 200 /static/oneplayer/player.js?v=17
[261008-225301.007] [Port:5012] [System] ✔️RAM chiếm dụng: 160.16M | NLTK: 0.00M | CPU: 25.5%
[261008-225301.061] [Port:5012] [API] 127.0.0.1 GET 200 /static/oneplayer/explorer.js?v=17
[261008-225301.065] [Port:5012] [API] 127.0.0.1 GET 200 /static/oneplayer/app.js?v=17
[261008-225301.066] [Port:5012] [API] 127.0.0.1 GET 200 /manifest.json
[261008-225301.110] [Port:5012] [System] ⚠️ Không thể kết nối nextdjav.db (None): _path_normpath: path should be string, bytes or os.PathLike, not NoneType
[261008-225301.111] [Port:5012] [API] 127.0.0.1 GET 200 /api/videos?sort_by=release_date&sort_asc=false&limit=12&offset=0&page=1&filter_has_cover=true
[261008-225301.132] [Port:5012] [System] ⚠️ Không thể kết nối nextdjav.db (None): _path_normpath: path should be string, bytes or os.PathLike, not NoneType
[261008-225301.132] [Port:5012] [API] 127.0.0.1 GET 200 /api/categories/stats
[261008-225301.157] [Port:5012] [System] ⚠️ Không thể kết nối nextdjav.db (None): _path_normpath: path should be string, bytes or os.PathLike, not NoneType
[261008-225301.157] [Port:5012] [API] 127.0.0.1 GET 200 /api/videos?sort_by=release_date&sort_asc=false&limit=12&offset=0&page=1&filter_has_cover=true
[261008-225301.237] [Port:5012] [API] 127.0.0.1 GET 200 /apple-icon.png
[261008-225306.010] [Port:5012] [System] ✔️RAM chiếm dụng: 163.32M | NLTK: 0.00M | CPU: 36.8%
[261008-225310.716] [Port:5012] [API] 127.0.0.1 GET 200 /api/media?id=113804/miae-259-reducing-mosaic
[261008-225310.726] [Port:5012] [API] 127.0.0.1 GET 200 /api/media?id=113799/start-634
[261008-225310.738] [Port:5012] [API] 127.0.0.1 GET 200 /api/media?id=113802/adn-304-reducing-mosaic
[261008-225310.748] [Port:5012] [API] 127.0.0.1 GET 200 /api/media?id=113801/dldss-547
[261008-225310.759] [Port:5012] [API] 127.0.0.1 GET 200 /api/media?id=113800/start-638
[261008-225310.770] [Port:5012] [API] 127.0.0.1 GET 200 /api/media?id=113803/adn-422-reducing-mosaic
[261008-225310.781] [Port:5012] [API] 127.0.0.1 GET 200 /api/media?id=113798/sdmm-240
[261008-225311.011] [Port:5012] [System] ✔️RAM chiếm dụng: 163.34M | NLTK: 0.00M | CPU: 17.7%
[261008-225316.011] [Port:5012] [System] ✔️RAM chiếm dụng: 163.34M | NLTK: 0.00M | CPU: 14.8%
[261008-225321.012] [Port:5012] [System] ✔️RAM chiếm dụng: 163.38M | NLTK: 0.00M | CPU: 17.7%
[261008-225326.013] [Port:5012] [System] ✔️RAM chiếm dụng: 163.38M | NLTK: 0.00M | CPU: 6.8%
[261008-225331.014] [Port:5012] [System] ✔️RAM chiếm dụng: 163.38M | NLTK: 0.00M | CPU: 13.4%
[261008-225336.014] [Port:5012] [System] ✔️RAM chiếm dụng: 163.38M | NLTK: 0.00M | CPU: 8.6%
[261008-225341.015] [Port:5012] [System] ✔️RAM chiếm dụng: 163.38M | NLTK: 0.00M | CPU: 8.4%
[261008-225346.015] [Port:5012] [System] ✔️RAM chiếm dụng: 163.38M | NLTK: 0.00M | CPU: 5.5%
[261008-225351.016] [Port:5012] [System] ✔️RAM chiếm dụng: 163.33M | NLTK: 0.00M | CPU: 6.8%
[261008-225356.017] [Port:5012] [System] ✔️RAM chiếm dụng: 163.33M | NLTK: 0.00M | CPU: 8.9%
[261008-225401.018] [Port:5012] [System] ✔️RAM chiếm dụng: 163.33M | NLTK: 0.00M | CPU: 9.3%
[261008-225406.018] [Port:5012] [System] ✔️RAM chiếm dụng: 163.33M | NLTK: 0.00M | CPU: 8.3%
[261008-225411.019] [Port:5012] [System] ✔️RAM chiếm dụng: 163.33M | NLTK: 0.00M | CPU: 8.0%
[261008-225416.019] [Port:5012] [System] ✔️RAM chiếm dụng: 163.33M | NLTK: 0.00M | CPU: 6.9%
[261008-225421.020] [Port:5012] [System] ✔️RAM chiếm dụng: 163.33M | NLTK: 0.00M | CPU: 5.3%
[261008-225426.021] [Port:5012] [System] ✔️RAM chiếm dụng: 163.33M | NLTK: 0.00M | CPU: 25.8%
[261008-225431.022] [Port:5012] [System] ✔️RAM chiếm dụng: 163.33M | NLTK: 0.00M | CPU: 12.8%
[261008-225436.022] [Port:5012] [System] ✔️RAM chiếm dụng: 163.33M | NLTK: 0.00M | CPU: 3.4%
[261008-225441.023] [Port:5012] [System] ✔️RAM chiếm dụng: 163.33M | NLTK: 0.00M | CPU: 1.6%
[261008-225446.023] [Port:5012] [System] ✔️RAM chiếm dụng: 163.33M | NLTK: 0.00M | CPU: 8.9%
[261008-225451.024] [Port:5012] [System] ✔️RAM chiếm dụng: 163.33M | NLTK: 0.00M | CPU: 11.4%
[261008-225456.025] [Port:5012] [System] ✔️RAM chiếm dụng: 163.33M | NLTK: 0.00M | CPU: 13.6%
[261008-225501.026] [Port:5012] [System] ✔️RAM chiếm dụng: 163.33M | NLTK: 0.00M | CPU: 15.0%
[261008-225506.027] [Port:5012] [System] ✔️RAM chiếm dụng: 163.30M | NLTK: 0.00M | CPU: 17.2%
[261008-225511.027] [Port:5012] [System] ✔️RAM chiếm dụng: 163.30M | NLTK: 0.00M | CPU: 25.3%
[261008-225516.028] [Port:5012] [System] ✔️RAM chiếm dụng: 163.30M | NLTK: 0.00M | CPU: 13.6%
[261008-225521.029] [Port:5012] [System] ✔️RAM chiếm dụng: 163.30M | NLTK: 0.00M | CPU: 11.7%
[261008-225526.030] [Port:5012] [System] ✔️RAM chiếm dụng: 163.30M | NLTK: 0.00M | CPU: 7.5%
[261008-225531.030] [Port:5012] [System] ✔️RAM chiếm dụng: 163.30M | NLTK: 0.00M | CPU: 8.6%
[261008-225536.030] [Port:5012] [System] ✔️RAM chiếm dụng: 163.30M | NLTK: 0.00M | CPU: 2.3%
[261008-225541.032] [Port:5012] [System] ✔️RAM chiếm dụng: 163.30M | NLTK: 0.00M | CPU: 1.8%
[261008-225546.032] [Port:5012] [System] ✔️RAM chiếm dụng: 163.30M | NLTK: 0.00M | CPU: 2.6%
[261008-225551.033] [Port:5012] [System] ✔️RAM chiếm dụng: 163.30M | NLTK: 0.00M | CPU: 2.3%
[261008-225556.033] [Port:5012] [System] ✔️RAM chiếm dụng: 163.30M | NLTK: 0.00M | CPU: 3.0%
[261008-225601.034] [Port:5012] [System] ✔️RAM chiếm dụng: 163.30M | NLTK: 0.00M | CPU: 5.1%
[261008-225606.034] [Port:5012] [System] ✔️RAM chiếm dụng: 163.30M | NLTK: 0.00M | CPU: 4.6%
[261008-225611.035] [Port:5012] [System] ✔️RAM chiếm dụng: 163.30M | NLTK: 0.00M | CPU: 4.1%
[261008-225616.035] [Port:5012] [System] ✔️RAM chiếm dụng: 163.30M | NLTK: 0.00M | CPU: 4.4%
[261008-225621.035] [Port:5012] [System] ✔️RAM chiếm dụng: 163.30M | NLTK: 0.00M | CPU: 2.0%
[261008-225626.036] [Port:5012] [System] ✔️RAM chiếm dụng: 163.30M | NLTK: 0.00M | CPU: 5.1%
[261008-225631.036] [Port:5012] [System] ✔️RAM chiếm dụng: 163.30M | NLTK: 0.00M | CPU: 12.5%
[261008-225636.036] [Port:5012] [System] ✔️RAM chiếm dụng: 163.30M | NLTK: 0.00M | CPU: 3.9%
[261008-225641.037] [Port:5012] [System] ✔️RAM chiếm dụng: 163.30M | NLTK: 0.00M | CPU: 7.8%
[261008-225646.038] [Port:5012] [System] ✔️RAM chiếm dụng: 163.30M | NLTK: 0.00M | CPU: 6.7%
[261008-225651.039] [Port:5012] [System] ✔️RAM chiếm dụng: 163.30M | NLTK: 0.00M | CPU: 5.2%
[261008-225656.039] [Port:5012] [System] ✔️RAM chiếm dụng: 163.30M | NLTK: 0.00M | CPU: 7.2%
[261008-225701.040] [Port:5012] [System] ✔️RAM chiếm dụng: 163.30M | NLTK: 0.00M | CPU: 7.1%
[261008-225706.041] [Port:5012] [System] ✔️RAM chiếm dụng: 163.30M | NLTK: 0.00M | CPU: 2.5%
[261008-225711.042] [Port:5012] [System] ✔️RAM chiếm dụng: 163.30M | NLTK: 0.00M | CPU: 3.9%
[261008-225716.042] [Port:5012] [System] ✔️RAM chiếm dụng: 163.30M | NLTK: 0.00M | CPU: 5.8%
[261008-225721.042] [Port:5012] [System] ✔️RAM chiếm dụng: 163.30M | NLTK: 0.00M | CPU: 12.2%
[261008-225726.043] [Port:5012] [System] ✔️RAM chiếm dụng: 163.30M | NLTK: 0.00M | CPU: 18.0%
[261008-225731.044] [Port:5012] [System] ✔️RAM chiếm dụng: 163.30M | NLTK: 0.00M | CPU: 13.4%
[261008-225736.044] [Port:5012] [System] ✔️RAM chiếm dụng: 163.30M | NLTK: 0.00M | CPU: 6.9%
[261008-225741.045] [Port:5012] [System] ✔️RAM chiếm dụng: 163.30M | NLTK: 0.00M | CPU: 1.6%
[261008-225746.045] [Port:5012] [System] ✔️RAM chiếm dụng: 163.30M | NLTK: 0.00M | CPU: 4.1%
[261008-225757.960] [Port:5012] [System] ✔️ Kiểm tra đủ package cơ bản...
[261008-225758.865] [Port:5012] [System] ✔️ Đã xóa cache trong bộ nhớ khi khởi động.
[261008-225758.866] [Port:5012] [System] ✔️RAM chiếm dụng: 138.40M | NLTK: 0.00M | CPU: 0.0%
[261008-225758.889] [Port:5012] [System] ⏳ Đang tổng hợp dữ liệu actress, genre, maker...
[261008-225758.974] [Port:5012] [System] ✔️ Hoàn tất tổng hợp tags.
[261008-225758.977] [Port:5012] [System] ℹ️ Lấy domain từ database: javtiful.com
[261008-225758.977] [Port:5012] [Javtiful] Khởi tạo sync_tasks cho Javtiful...
[261008-225758.978] [Port:5012] [System] ✔️ Javtiful Player worker started at http://localhost:5012
 * Serving Flask app 'server'
 * Debug mode: off
[261008-225803.867] [Port:5012] [System] ✔️RAM chiếm dụng: 159.24M | NLTK: 0.00M | CPU: 4.7%
