[261008-154959.495] [Port:7013] [System] ✔️ Kiểm tra đủ package cơ bản...
[261008-155000.392] [Port:7013] [System] ✔️ Đã xóa cache trong bộ nhớ khi khởi động.
[261008-155000.393] [Port:7013] [System] ✔️RAM chiếm dụng: 138.71M | NLTK: 0.00M | CPU: 0.0%
[261008-155000.445] [Port:7013] [System] ⏳ Đang tổng hợp dữ liệu actress, genre, maker...
[261008-155000.867] [Port:7013] [System] ✔️ Hoàn tất tổng hợp tags.
[261008-155000.882] [Port:7013] [System] ℹ️ Lấy domain từ database: missav.ws
[261008-155000.882] [Port:7013] [MissAV] Khởi tạo sync_tasks cho MissAV...
[261008-155000.883] [Port:7013] [System] ✔️ Missav Player worker started at http://localhost:7013
 * Serving Flask app 'server'
 * Debug mode: off
[261008-155005.395] [Port:7013] [System] ✔️RAM chiếm dụng: 198.96M | NLTK: 0.00M | CPU: 15.3%
[261008-155010.395] [Port:7013] [System] ✔️RAM chiếm dụng: 198.96M | NLTK: 0.00M | CPU: 17.4%
[261008-155244.831] [Port:7013] [System] ✔️ Kiểm tra đủ package cơ bản...
[261008-155245.820] [Port:7013] [System] ✔️ Đã xóa cache trong bộ nhớ khi khởi động.
[261008-155245.821] [Port:7013] [System] ✔️RAM chiếm dụng: 138.44M | NLTK: 0.00M | CPU: 0.0%
[261008-155245.867] [Port:7013] [System] ⏳ Đang tổng hợp dữ liệu actress, genre, maker...
[261008-155246.266] [Port:7013] [System] ✔️ Hoàn tất tổng hợp tags.
[261008-155246.279] [Port:7013] [System] ℹ️ Lấy domain từ database: missav.ws
[261008-155246.280] [Port:7013] [MissAV] Khởi tạo sync_tasks cho MissAV...
[261008-155246.280] [Port:7013] [System] ✔️ Missav Player worker started at http://localhost:7013
 * Serving Flask app 'server'
 * Debug mode: off
[261008-155252.762] [Port:7013] [System] ✔️ Kiểm tra đủ package cơ bản...
[261008-155253.609] [Port:7013] [System] ✔️ Đã xóa cache trong bộ nhớ khi khởi động.
[261008-155253.610] [Port:7013] [System] ✔️RAM chiếm dụng: 138.74M | NLTK: 0.00M | CPU: 0.0%
[261008-155253.671] [Port:7013] [System] ⏳ Đang tổng hợp dữ liệu actress, genre, maker...
[261008-155254.073] [Port:7013] [System] ✔️ Hoàn tất tổng hợp tags.
[261008-155254.086] [Port:7013] [System] ℹ️ Lấy domain từ database: missav.ws
[261008-155254.087] [Port:7013] [MissAV] Khởi tạo sync_tasks cho MissAV...
[261008-155254.087] [Port:7013] [System] ✔️ Missav Player worker started at http://localhost:7013
 * Serving Flask app 'server'
 * Debug mode: off
[261008-155258.611] [Port:7013] [System] ✔️RAM chiếm dụng: 197.97M | NLTK: 0.00M | CPU: 7.7%
[261008-155303.612] [Port:7013] [System] ✔️RAM chiếm dụng: 197.97M | NLTK: 0.00M | CPU: 4.9%
[261008-155308.613] [Port:7013] [System] ✔️RAM chiếm dụng: 197.97M | NLTK: 0.00M | CPU: 3.4%
[261008-155313.614] [Port:7013] [System] ✔️RAM chiếm dụng: 197.97M | NLTK: 0.00M | CPU: 7.9%
[261008-155318.615] [Port:7013] [System] ✔️RAM chiếm dụng: 197.97M | NLTK: 0.00M | CPU: 10.1%
[261008-155323.615] [Port:7013] [System] ✔️RAM chiếm dụng: 198.07M | NLTK: 0.00M | CPU: 6.6%
[261008-155328.616] [Port:7013] [System] ✔️RAM chiếm dụng: 198.07M | NLTK: 0.00M | CPU: 10.8%
[261008-155333.617] [Port:7013] [System] ✔️RAM chiếm dụng: 198.07M | NLTK: 0.00M | CPU: 12.7%
[261008-155338.618] [Port:7013] [System] ✔️RAM chiếm dụng: 198.07M | NLTK: 0.00M | CPU: 7.3%
[261008-155343.618] [Port:7013] [System] ✔️RAM chiếm dụng: 198.07M | NLTK: 0.00M | CPU: 5.6%
[261008-155348.620] [Port:7013] [System] ✔️RAM chiếm dụng: 198.07M | NLTK: 0.00M | CPU: 14.6%
[261008-155353.621] [Port:7013] [System] ✔️RAM chiếm dụng: 198.02M | NLTK: 0.00M | CPU: 16.6%
[261008-155358.621] [Port:7013] [System] ✔️RAM chiếm dụng: 198.02M | NLTK: 0.00M | CPU: 4.4%
[261008-155403.622] [Port:7013] [System] ✔️RAM chiếm dụng: 198.02M | NLTK: 0.00M | CPU: 4.0%
[261008-155408.623] [Port:7013] [System] ✔️RAM chiếm dụng: 198.02M | NLTK: 0.00M | CPU: 13.5%
[261008-155413.624] [Port:7013] [System] ✔️RAM chiếm dụng: 198.02M | NLTK: 0.00M | CPU: 6.0%
[261008-155418.624] [Port:7013] [System] ✔️RAM chiếm dụng: 198.02M | NLTK: 0.00M | CPU: 10.5%
[261008-155423.625] [Port:7013] [System] ✔️RAM chiếm dụng: 198.02M | NLTK: 0.00M | CPU: 7.3%
[261008-155428.626] [Port:7013] [System] ✔️RAM chiếm dụng: 198.02M | NLTK: 0.00M | CPU: 5.8%
[261008-155433.627] [Port:7013] [System] ✔️RAM chiếm dụng: 198.02M | NLTK: 0.00M | CPU: 8.8%
[261008-155438.628] [Port:7013] [System] ✔️RAM chiếm dụng: 198.02M | NLTK: 0.00M | CPU: 4.3%
[261008-155443.629] [Port:7013] [System] ✔️RAM chiếm dụng: 198.02M | NLTK: 0.00M | CPU: 9.2%
[261008-155448.630] [Port:7013] [System] ✔️RAM chiếm dụng: 198.02M | NLTK: 0.00M | CPU: 4.8%
[261008-155453.630] [Port:7013] [System] ✔️RAM chiếm dụng: 198.02M | NLTK: 0.00M | CPU: 7.7%
[261008-155458.631] [Port:7013] [System] ✔️RAM chiếm dụng: 198.02M | NLTK: 0.00M | CPU: 4.8%
[261008-155503.631] [Port:7013] [System] ✔️RAM chiếm dụng: 198.02M | NLTK: 0.00M | CPU: 1.9%
[261008-155508.632] [Port:7013] [System] ✔️RAM chiếm dụng: 197.99M | NLTK: 0.00M | CPU: 14.9%
[261008-155513.632] [Port:7013] [System] ✔️RAM chiếm dụng: 197.99M | NLTK: 0.00M | CPU: 10.1%
[261008-155518.634] [Port:7013] [System] ✔️RAM chiếm dụng: 197.99M | NLTK: 0.00M | CPU: 20.2%
[261008-155523.635] [Port:7013] [System] ✔️RAM chiếm dụng: 197.99M | NLTK: 0.00M | CPU: 24.7%
[261008-155528.636] [Port:7013] [System] ✔️RAM chiếm dụng: 197.99M | NLTK: 0.00M | CPU: 19.1%
[261008-155533.637] [Port:7013] [System] ✔️RAM chiếm dụng: 197.99M | NLTK: 0.00M | CPU: 6.3%
[261008-155538.638] [Port:7013] [System] ✔️RAM chiếm dụng: 197.99M | NLTK: 0.00M | CPU: 8.4%
[261008-155543.638] [Port:7013] [System] ✔️RAM chiếm dụng: 197.99M | NLTK: 0.00M | CPU: 3.3%
[261008-155548.639] [Port:7013] [System] ✔️RAM chiếm dụng: 197.99M | NLTK: 0.00M | CPU: 8.0%
[261008-155553.640] [Port:7013] [System] ✔️RAM chiếm dụng: 197.99M | NLTK: 0.00M | CPU: 9.1%
[261008-155558.640] [Port:7013] [System] ✔️RAM chiếm dụng: 197.99M | NLTK: 0.00M | CPU: 3.7%
[261008-155603.641] [Port:7013] [System] ✔️RAM chiếm dụng: 197.99M | NLTK: 0.00M | CPU: 10.8%
[261008-155608.642] [Port:7013] [System] ✔️RAM chiếm dụng: 197.99M | NLTK: 0.00M | CPU: 4.8%
[261008-155613.643] [Port:7013] [System] ✔️RAM chiếm dụng: 197.99M | NLTK: 0.00M | CPU: 3.4%
[261008-155618.643] [Port:7013] [System] ✔️RAM chiếm dụng: 197.99M | NLTK: 0.00M | CPU: 10.1%
[261008-155623.644] [Port:7013] [System] ✔️RAM chiếm dụng: 197.99M | NLTK: 0.00M | CPU: 6.4%
[261008-155628.645] [Port:7013] [System] ✔️RAM chiếm dụng: 197.99M | NLTK: 0.00M | CPU: 4.0%
[261008-155633.646] [Port:7013] [System] ✔️RAM chiếm dụng: 197.99M | NLTK: 0.00M | CPU: 8.1%
[261008-155638.647] [Port:7013] [System] ✔️RAM chiếm dụng: 197.99M | NLTK: 0.00M | CPU: 4.0%
[261008-155643.648] [Port:7013] [System] ✔️RAM chiếm dụng: 197.99M | NLTK: 0.00M | CPU: 6.5%
[261008-155648.648] [Port:7013] [System] ✔️RAM chiếm dụng: 197.99M | NLTK: 0.00M | CPU: 5.2%
[261008-155653.649] [Port:7013] [System] ✔️RAM chiếm dụng: 197.99M | NLTK: 0.00M | CPU: 11.1%
[261008-155658.649] [Port:7013] [System] ✔️RAM chiếm dụng: 197.99M | NLTK: 0.00M | CPU: 3.6%
[261008-155703.650] [Port:7013] [System] ✔️RAM chiếm dụng: 197.99M | NLTK: 0.00M | CPU: 4.8%
[261008-155708.651] [Port:7013] [System] ✔️RAM chiếm dụng: 197.99M | NLTK: 0.00M | CPU: 5.7%
[261008-155713.652] [Port:7013] [System] ✔️RAM chiếm dụng: 197.99M | NLTK: 0.00M | CPU: 7.0%
[261008-155718.653] [Port:7013] [System] ✔️RAM chiếm dụng: 197.99M | NLTK: 0.00M | CPU: 4.3%
[261008-155723.654] [Port:7013] [System] ✔️RAM chiếm dụng: 197.99M | NLTK: 0.00M | CPU: 11.0%
[261008-155728.655] [Port:7013] [System] ✔️RAM chiếm dụng: 197.99M | NLTK: 0.00M | CPU: 12.5%
[261008-155733.656] [Port:7013] [System] ✔️RAM chiếm dụng: 197.99M | NLTK: 0.00M | CPU: 15.9%
[261008-155738.656] [Port:7013] [System] ✔️RAM chiếm dụng: 197.99M | NLTK: 0.00M | CPU: 11.4%
[261008-155743.657] [Port:7013] [System] ✔️RAM chiếm dụng: 197.99M | NLTK: 0.00M | CPU: 10.8%
[261008-155748.657] [Port:7013] [System] ✔️RAM chiếm dụng: 197.99M | NLTK: 0.00M | CPU: 8.8%
[261008-155753.658] [Port:7013] [System] ✔️RAM chiếm dụng: 198.03M | NLTK: 0.00M | CPU: 3.6%
[261008-155758.659] [Port:7013] [System] ✔️RAM chiếm dụng: 198.03M | NLTK: 0.00M | CPU: 6.5%
[261008-155803.660] [Port:7013] [System] ✔️RAM chiếm dụng: 198.03M | NLTK: 0.00M | CPU: 8.1%
[261008-155808.660] [Port:7013] [System] ✔️RAM chiếm dụng: 198.03M | NLTK: 0.00M | CPU: 4.2%
[261008-155813.661] [Port:7013] [System] ✔️RAM chiếm dụng: 198.03M | NLTK: 0.00M | CPU: 8.6%
[261008-155818.662] [Port:7013] [System] ✔️RAM chiếm dụng: 198.03M | NLTK: 0.00M | CPU: 22.3%
[261008-155823.663] [Port:7013] [System] ✔️RAM chiếm dụng: 198.03M | NLTK: 0.00M | CPU: 7.9%
[261008-155828.663] [Port:7013] [System] ✔️RAM chiếm dụng: 198.03M | NLTK: 0.00M | CPU: 12.8%
[261008-155833.664] [Port:7013] [System] ✔️RAM chiếm dụng: 198.03M | NLTK: 0.00M | CPU: 9.0%
[261008-155838.664] [Port:7013] [System] ✔️RAM chiếm dụng: 198.03M | NLTK: 0.00M | CPU: 6.2%
[261008-155843.665] [Port:7013] [System] ✔️RAM chiếm dụng: 198.03M | NLTK: 0.00M | CPU: 4.2%
[261008-155848.666] [Port:7013] [System] ✔️RAM chiếm dụng: 198.03M | NLTK: 0.00M | CPU: 4.0%
[261008-155853.667] [Port:7013] [System] ✔️RAM chiếm dụng: 198.03M | NLTK: 0.00M | CPU: 11.1%
[261008-155858.668] [Port:7013] [System] ✔️RAM chiếm dụng: 198.03M | NLTK: 0.00M | CPU: 9.6%
[261008-155903.669] [Port:7013] [System] ✔️RAM chiếm dụng: 198.03M | NLTK: 0.00M | CPU: 22.2%
[261008-160156.505] [Port:5013] [System] ✔️ Kiểm tra đủ package cơ bản...
[261008-160157.372] [Port:5013] [System] ✔️ Đã xóa cache trong bộ nhớ khi khởi động.
[261008-160157.374] [Port:5013] [System] ✔️RAM chiếm dụng: 138.57M | NLTK: 0.00M | CPU: 0.0%
[261008-160157.427] [Port:5013] [System] ⏳ Đang tổng hợp dữ liệu actress, genre, maker...
[261008-160157.838] [Port:5013] [System] ✔️ Hoàn tất tổng hợp tags.
[261008-160157.852] [Port:5013] [System] ℹ️ Lấy domain từ database: missav.ws
[261008-160157.853] [Port:5013] [MissAV] Khởi tạo sync_tasks cho MissAV...
[261008-160157.853] [Port:5013] [System] ✔️ Missav Player worker started at http://localhost:5013
 * Serving Flask app 'server'
 * Debug mode: off
[261008-160202.375] [Port:5013] [System] ✔️RAM chiếm dụng: 197.32M | NLTK: 0.00M | CPU: 8.1%
[261008-165100.431] [Port:5013] [System] ✔️ Kiểm tra đủ package cơ bản...
[261008-165101.355] [Port:5013] [System] ✔️ Đã xóa cache trong bộ nhớ khi khởi động.
[261008-165101.356] [Port:5013] [System] ✔️RAM chiếm dụng: 138.58M | NLTK: 0.00M | CPU: 0.0%
[261008-165101.414] [Port:5013] [System] ⏳ Đang tổng hợp dữ liệu actress, genre, maker...
[261008-165101.829] [Port:5013] [System] ✔️ Hoàn tất tổng hợp tags.
[261008-165101.844] [Port:5013] [System] ℹ️ Lấy domain từ database: missav.ws
[261008-165101.845] [Port:5013] [MissAV] Khởi tạo sync_tasks cho MissAV...
[261008-165101.845] [Port:5013] [System] ✔️ Missav Player worker started at http://localhost:5013
 * Serving Flask app 'server'
 * Debug mode: off
[261008-165106.357] [Port:5013] [System] ✔️RAM chiếm dụng: 197.78M | NLTK: 0.00M | CPU: 7.1%
[261008-165111.358] [Port:5013] [System] ✔️RAM chiếm dụng: 197.78M | NLTK: 0.00M | CPU: 5.8%
[261008-165116.358] [Port:5013] [System] ✔️RAM chiếm dụng: 197.78M | NLTK: 0.00M | CPU: 6.5%
[261008-165121.359] [Port:5013] [System] ✔️RAM chiếm dụng: 197.78M | NLTK: 0.00M | CPU: 6.2%
[261008-165126.360] [Port:5013] [System] ✔️RAM chiếm dụng: 197.78M | NLTK: 0.00M | CPU: 9.0%
[261008-165131.361] [Port:5013] [System] ✔️RAM chiếm dụng: 197.88M | NLTK: 0.00M | CPU: 3.2%
[261008-165136.361] [Port:5013] [System] ✔️RAM chiếm dụng: 197.88M | NLTK: 0.00M | CPU: 7.6%
[261008-165141.362] [Port:5013] [System] ✔️RAM chiếm dụng: 197.88M | NLTK: 0.00M | CPU: 22.0%
[261008-165146.363] [Port:5013] [System] ✔️RAM chiếm dụng: 197.88M | NLTK: 0.00M | CPU: 11.1%
[261008-165151.363] [Port:5013] [System] ✔️RAM chiếm dụng: 197.88M | NLTK: 0.00M | CPU: 13.7%
[261008-165156.364] [Port:5013] [System] ✔️RAM chiếm dụng: 197.88M | NLTK: 0.00M | CPU: 13.1%
[261008-165201.365] [Port:5013] [System] ✔️RAM chiếm dụng: 197.82M | NLTK: 0.00M | CPU: 11.2%
[261008-165206.365] [Port:5013] [System] ✔️RAM chiếm dụng: 197.82M | NLTK: 0.00M | CPU: 27.1%
[261008-165211.366] [Port:5013] [System] ✔️RAM chiếm dụng: 197.82M | NLTK: 0.00M | CPU: 11.5%
[261008-165216.366] [Port:5013] [System] ✔️RAM chiếm dụng: 197.82M | NLTK: 0.00M | CPU: 8.5%
[261008-165221.368] [Port:5013] [System] ✔️RAM chiếm dụng: 197.82M | NLTK: 0.00M | CPU: 11.0%
[261008-165226.369] [Port:5013] [System] ✔️RAM chiếm dụng: 197.82M | NLTK: 0.00M | CPU: 18.3%
[261008-165231.370] [Port:5013] [System] ✔️RAM chiếm dụng: 197.82M | NLTK: 0.00M | CPU: 4.3%
[261008-165237.681] [Port:5013] [System] ✔️ Kiểm tra đủ package cơ bản...
[261008-165238.591] [Port:5013] [System] ✔️ Đã xóa cache trong bộ nhớ khi khởi động.
[261008-165238.592] [Port:5013] [System] ✔️RAM chiếm dụng: 138.67M | NLTK: 0.00M | CPU: 0.0%
[261008-165238.651] [Port:5013] [System] ⏳ Đang tổng hợp dữ liệu actress, genre, maker...
[261008-165239.091] [Port:5013] [System] ✔️ Hoàn tất tổng hợp tags.
[261008-165239.108] [Port:5013] [System] ℹ️ Lấy domain từ database: missav.ws
[261008-165239.108] [Port:5013] [MissAV] Khởi tạo sync_tasks cho MissAV...
[261008-165239.108] [Port:5013] [System] ✔️ Missav Player worker started at http://localhost:5013
 * Serving Flask app 'server'
 * Debug mode: off
[261008-165243.593] [Port:5013] [System] ✔️RAM chiếm dụng: 148.29M | NLTK: 0.00M | CPU: 12.7%
[261008-165248.594] [Port:5013] [System] ✔️RAM chiếm dụng: 148.29M | NLTK: 0.00M | CPU: 3.6%
[261008-165253.594] [Port:5013] [System] ✔️RAM chiếm dụng: 148.29M | NLTK: 0.00M | CPU: 6.5%
[261008-165258.595] [Port:5013] [System] ✔️RAM chiếm dụng: 148.29M | NLTK: 0.00M | CPU: 3.6%
[261008-165303.596] [Port:5013] [System] ✔️RAM chiếm dụng: 148.29M | NLTK: 0.00M | CPU: 3.4%
[261008-165308.597] [Port:5013] [System] ✔️RAM chiếm dụng: 148.43M | NLTK: 0.00M | CPU: 7.2%
[261008-165313.598] [Port:5013] [System] ✔️RAM chiếm dụng: 148.43M | NLTK: 0.00M | CPU: 5.6%
[261008-165318.599] [Port:5013] [System] ✔️RAM chiếm dụng: 148.43M | NLTK: 0.00M | CPU: 5.0%
[261008-165323.600] [Port:5013] [System] ✔️RAM chiếm dụng: 148.43M | NLTK: 0.00M | CPU: 3.4%
[261008-165328.601] [Port:5013] [System] ✔️RAM chiếm dụng: 148.43M | NLTK: 0.00M | CPU: 5.4%
[261008-165331.646] [Port:5013] [System] ⚠️ Nhận tín hiệu dừng (Ctrl+C), đang lưu dữ liệu an toàn...
[261008-165331.647] [Port:5013] [System] ✔️ Đã thoát an toàn.
[261008-165801.141] [Port:5013] [System] ✔️ Kiểm tra đủ package cơ bản...
[261008-165802.141] [Port:5013] [System] ✔️ Đã xóa cache trong bộ nhớ khi khởi động.
[261008-165802.142] [Port:5013] [System] ✔️RAM chiếm dụng: 138.41M | NLTK: 0.00M | CPU: 0.0%
[261008-165802.199] [Port:5013] [System] ⏳ Đang tổng hợp dữ liệu actress, genre, maker...
[261008-165802.621] [Port:5013] [System] ✔️ Hoàn tất tổng hợp tags.
[261008-165802.634] [Port:5013] [System] ℹ️ Lấy domain từ database: missav.ws
[261008-165802.635] [Port:5013] [MissAV] Khởi tạo sync_tasks cho MissAV...
[261008-165802.635] [Port:5013] [System] ✔️ Missav Player worker started at http://localhost:5013
 * Serving Flask app 'server'
 * Debug mode: off
[261008-165807.143] [Port:5013] [System] ✔️RAM chiếm dụng: 198.83M | NLTK: 0.00M | CPU: 20.8%
[261008-165808.605] [Port:5013] [API] 127.0.0.1 GET 200 /
[261008-165808.745] [Port:5013] [API] 127.0.0.1 GET 200 /static/oneplayer/style.css?v=17
[261008-165808.762] [Port:5013] [API] 127.0.0.1 GET 200 /static/oneplayer/player.js?v=17
[261008-165808.805] [Port:5013] [API] 127.0.0.1 GET 200 /static/oneplayer/config.js?v=17
[261008-165808.932] [Port:5013] [API] 127.0.0.1 GET 200 /static/oneplayer/explorer.js?v=17
[261008-165808.937] [Port:5013] [API] 127.0.0.1 GET 200 /static/oneplayer/app.js?v=17
[261008-165808.962] [Port:5013] [API] 127.0.0.1 GET 200 /manifest.json
[261008-165809.044] [Port:5013] [System] ⚠️ Không thể kết nối nextdjav.db (None): _path_normpath: path should be string, bytes or os.PathLike, not NoneType
[261008-165809.045] [Port:5013] [API] 127.0.0.1 GET 200 /api/videos?sort_by=release_date&sort_asc=false&limit=12&offset=0&page=1&filter_has_cover=true
[261008-165809.177] [Port:5013] [API] 127.0.0.1 GET 200 /static/favicon_missav.ico
[261008-165809.178] [Port:5013] [API] 127.0.0.1 GET 200 /apple-icon.png
[261008-165809.182] [Port:5013] [System] ⚠️ Không thể kết nối nextdjav.db (None): _path_normpath: path should be string, bytes or os.PathLike, not NoneType
[261008-165809.183] [Port:5013] [API] 127.0.0.1 GET 200 /api/categories/stats
[261008-165809.229] [Port:5013] [System] ⚠️ Không thể kết nối nextdjav.db (None): _path_normpath: path should be string, bytes or os.PathLike, not NoneType
[261008-165809.230] [Port:5013] [API] 127.0.0.1 GET 200 /api/videos?sort_by=release_date&sort_asc=false&limit=12&offset=0&page=1&filter_has_cover=true
[261008-165812.144] [Port:5013] [System] ✔️RAM chiếm dụng: 200.73M | NLTK: 0.00M | CPU: 68.7%
[261008-165815.844] [Port:5013] [API] 127.0.0.1 GET 200 /api/media?id=pasn-023
[261008-165815.844] [Port:5013] [API] 127.0.0.1 GET 200 /api/media?id=spsf-047
[261008-165815.891] [Port:5013] [API] 127.0.0.1 GET 200 /api/media?id=otim-648
[261008-165815.937] [Port:5013] [API] 127.0.0.1 GET 200 /api/media?id=otim-650
[261008-165815.982] [Port:5013] [API] 127.0.0.1 GET 200 /api/media?id=otim-647
[261008-165816.026] [Port:5013] [API] 127.0.0.1 GET 200 /api/media?id=otim-649
[261008-165816.027] [Port:5013] [API] 127.0.0.1 GET 200 /api/media?id=tbl-018
[261008-165816.075] [Port:5013] [API] 127.0.0.1 GET 200 /api/media?id=dldss-521
[261008-165816.127] [Port:5013] [API] 127.0.0.1 GET 200 /api/media?id=gas-545
[261008-165816.174] [Port:5013] [API] 127.0.0.1 GET 200 /api/media?id=mida-753
[261008-165816.215] [Port:5013] [API] 127.0.0.1 GET 200 /api/media?id=spsf-044
[261008-165816.263] [Port:5013] [API] 127.0.0.1 GET 200 /api/media?id=spsf-038
[261008-165817.145] [Port:5013] [System] ✔️RAM chiếm dụng: 200.86M | NLTK: 0.00M | CPU: 19.1%
[261008-165822.145] [Port:5013] [System] ✔️RAM chiếm dụng: 200.86M | NLTK: 0.00M | CPU: 10.7%
[261008-165827.146] [Port:5013] [System] ✔️RAM chiếm dụng: 200.86M | NLTK: 0.00M | CPU: 11.4%
[261008-165832.147] [Port:5013] [System] ✔️RAM chiếm dụng: 200.90M | NLTK: 0.00M | CPU: 11.5%
[261008-165837.148] [Port:5013] [System] ✔️RAM chiếm dụng: 200.90M | NLTK: 0.00M | CPU: 7.2%
[261008-165842.149] [Port:5013] [System] ✔️RAM chiếm dụng: 200.90M | NLTK: 0.00M | CPU: 4.8%
[261008-165847.149] [Port:5013] [System] ✔️RAM chiếm dụng: 200.90M | NLTK: 0.00M | CPU: 9.5%
[261008-165852.150] [Port:5013] [System] ✔️RAM chiếm dụng: 200.90M | NLTK: 0.00M | CPU: 12.4%
[261008-165855.221] [Port:5013] [API] 192.168.102.100 GET 200 /
[261008-165855.247] [Port:5013] [API] 192.168.102.100 GET 304 /static/oneplayer/style.css?v=17
[261008-165855.249] [Port:5013] [API] 192.168.102.100 GET 304 /static/oneplayer/player.js?v=17
[261008-165855.251] [Port:5013] [API] 192.168.102.100 GET 304 /static/oneplayer/config.js?v=17
[261008-165855.254] [Port:5013] [API] 192.168.102.100 GET 304 /static/oneplayer/explorer.js?v=17
[261008-165855.255] [Port:5013] [API] 192.168.102.100 GET 304 /static/oneplayer/app.js?v=17
[261008-165855.422] [Port:5013] [API] 192.168.102.100 GET 304 /manifest.json
[261008-165855.453] [Port:5013] [System] ⚠️ Không thể kết nối nextdjav.db (None): _path_normpath: path should be string, bytes or os.PathLike, not NoneType
[261008-165855.454] [Port:5013] [API] 192.168.102.100 GET 200 /api/videos?sort_by=release_date&sort_asc=false&limit=12&offset=0&page=1&filter_has_cover=true
[261008-165855.454] [Port:5013] [System] ⚠️ Không thể kết nối nextdjav.db (None): _path_normpath: path should be string, bytes or os.PathLike, not NoneType
[261008-165855.455] [Port:5013] [API] 192.168.102.100 GET 200 /api/categories/stats
[261008-165855.488] [Port:5013] [System] ⚠️ Không thể kết nối nextdjav.db (None): _path_normpath: path should be string, bytes or os.PathLike, not NoneType
[261008-165855.488] [Port:5013] [API] 192.168.102.100 GET 200 /api/videos?sort_by=release_date&sort_asc=false&limit=12&offset=0&page=1&filter_has_cover=true
[261008-165857.150] [Port:5013] [System] ✔️RAM chiếm dụng: 200.96M | NLTK: 0.00M | CPU: 20.9%
[261008-165902.151] [Port:5013] [System] ✔️RAM chiếm dụng: 200.91M | NLTK: 0.00M | CPU: 15.2%
[261008-165907.152] [Port:5013] [System] ✔️RAM chiếm dụng: 200.91M | NLTK: 0.00M | CPU: 3.6%
[261008-165912.152] [Port:5013] [System] ✔️RAM chiếm dụng: 200.91M | NLTK: 0.00M | CPU: 6.7%
[261008-165917.153] [Port:5013] [System] ✔️RAM chiếm dụng: 200.91M | NLTK: 0.00M | CPU: 3.9%
[261008-165922.153] [Port:5013] [System] ✔️RAM chiếm dụng: 200.91M | NLTK: 0.00M | CPU: 6.2%
[261008-165927.154] [Port:5013] [System] ✔️RAM chiếm dụng: 200.91M | NLTK: 0.00M | CPU: 9.5%
[261008-165932.154] [Port:5013] [System] ✔️RAM chiếm dụng: 200.91M | NLTK: 0.00M | CPU: 2.9%
[261008-165937.155] [Port:5013] [System] ✔️RAM chiếm dụng: 200.91M | NLTK: 0.00M | CPU: 1.5%
[261008-165942.156] [Port:5013] [System] ✔️RAM chiếm dụng: 200.91M | NLTK: 0.00M | CPU: 5.4%
[261008-165947.157] [Port:5013] [System] ✔️RAM chiếm dụng: 200.91M | NLTK: 0.00M | CPU: 2.9%
[261008-165952.157] [Port:5013] [System] ✔️RAM chiếm dụng: 200.91M | NLTK: 0.00M | CPU: 6.7%
[261008-165957.158] [Port:5013] [System] ✔️RAM chiếm dụng: 200.91M | NLTK: 0.00M | CPU: 11.6%
[261008-170002.159] [Port:5013] [System] ✔️RAM chiếm dụng: 200.91M | NLTK: 0.00M | CPU: 10.5%
[261008-170007.159] [Port:5013] [System] ✔️RAM chiếm dụng: 200.91M | NLTK: 0.00M | CPU: 11.9%
[261008-170012.160] [Port:5013] [System] ✔️RAM chiếm dụng: 200.91M | NLTK: 0.00M | CPU: 12.6%
[261008-170017.161] [Port:5013] [System] ✔️RAM chiếm dụng: 200.88M | NLTK: 0.00M | CPU: 11.9%
[261008-170022.162] [Port:5013] [System] ✔️RAM chiếm dụng: 200.88M | NLTK: 0.00M | CPU: 4.1%
[261008-170027.163] [Port:5013] [System] ✔️RAM chiếm dụng: 200.88M | NLTK: 0.00M | CPU: 8.7%
[261008-170028.137] [Port:5013] [System] ⚠️ Nhận tín hiệu dừng (Ctrl+C), đang lưu dữ liệu an toàn...
[261008-170028.148] [Port:5013] [System] ✔️ Đã thoát an toàn.
[261008-224005.309] [Port:5013] [System] ✔️ Kiểm tra đủ package cơ bản...
[261008-224007.033] [Port:5013] [System] ✔️ Đã xóa cache trong bộ nhớ khi khởi động.
[261008-224007.035] [Port:5013] [System] ✔️RAM chiếm dụng: 138.78M | NLTK: 0.00M | CPU: 0.0%
[261008-224007.451] [Port:5013] [System] ⏳ Đang tổng hợp dữ liệu actress, genre, maker...
[261008-224007.851] [Port:5013] [System] ✔️ Hoàn tất tổng hợp tags.
[261008-224007.863] [Port:5013] [System] ℹ️ Lấy domain từ database: missav.ws
[261008-224007.864] [Port:5013] [MissAV] Khởi tạo sync_tasks cho MissAV...
[261008-224007.864] [Port:5013] [System] ✔️ Missav Player worker started at http://localhost:5013
 * Serving Flask app 'server'
 * Debug mode: off
[261008-224012.035] [Port:5013] [System] ✔️RAM chiếm dụng: 198.86M | NLTK: 0.00M | CPU: 7.3%
[261008-224017.037] [Port:5013] [System] ✔️RAM chiếm dụng: 198.86M | NLTK: 0.00M | CPU: 4.8%
[261008-225250.083] [Port:5013] [System] ✔️ Kiểm tra đủ package cơ bản...
[261008-225251.038] [Port:5013] [System] ✔️ Đã xóa cache trong bộ nhớ khi khởi động.
[261008-225251.039] [Port:5013] [System] ✔️RAM chiếm dụng: 138.63M | NLTK: 0.00M | CPU: 0.0%
[261008-225251.089] [Port:5013] [System] ⏳ Đang tổng hợp dữ liệu actress, genre, maker...
[261008-225251.510] [Port:5013] [System] ✔️ Hoàn tất tổng hợp tags.
[261008-225251.522] [Port:5013] [System] ℹ️ Lấy domain từ database: missav.ws
[261008-225251.523] [Port:5013] [MissAV] Khởi tạo sync_tasks cho MissAV...
[261008-225251.523] [Port:5013] [System] ✔️ Missav Player worker started at http://localhost:5013
 * Serving Flask app 'server'
 * Debug mode: off
[261008-225256.040] [Port:5013] [System] ✔️RAM chiếm dụng: 198.30M | NLTK: 0.00M | CPU: 5.8%
[261008-225301.040] [Port:5013] [System] ✔️RAM chiếm dụng: 198.35M | NLTK: 0.00M | CPU: 25.8%
[261008-225301.145] [Port:5013] [API] 127.0.0.1 GET 200 /
[261008-225301.239] [Port:5013] [API] 127.0.0.1 GET 200 /static/oneplayer/style.css?v=17
[261008-225301.302] [Port:5013] [API] 127.0.0.1 GET 200 /static/oneplayer/player.js?v=17
[261008-225301.303] [Port:5013] [API] 127.0.0.1 GET 200 /static/oneplayer/config.js?v=17
[261008-225301.350] [Port:5013] [API] 127.0.0.1 GET 200 /static/oneplayer/explorer.js?v=17
[261008-225301.351] [Port:5013] [API] 127.0.0.1 GET 200 /static/oneplayer/app.js?v=17
[261008-225301.352] [Port:5013] [API] 127.0.0.1 GET 200 /manifest.json
[261008-225301.405] [Port:5013] [System] ⚠️ Không thể kết nối nextdjav.db (None): _path_normpath: path should be string, bytes or os.PathLike, not NoneType
[261008-225301.406] [Port:5013] [API] 127.0.0.1 GET 200 /api/videos?sort_by=release_date&sort_asc=false&limit=12&offset=0&page=1&filter_has_cover=true
[261008-225301.435] [Port:5013] [System] ⚠️ Không thể kết nối nextdjav.db (None): _path_normpath: path should be string, bytes or os.PathLike, not NoneType
[261008-225301.436] [Port:5013] [API] 127.0.0.1 GET 200 /api/categories/stats
[261008-225301.462] [Port:5013] [System] ⚠️ Không thể kết nối nextdjav.db (None): _path_normpath: path should be string, bytes or os.PathLike, not NoneType
[261008-225301.463] [Port:5013] [API] 127.0.0.1 GET 200 /api/videos?sort_by=release_date&sort_asc=false&limit=12&offset=0&page=1&filter_has_cover=true
[261008-225301.512] [Port:5013] [API] 127.0.0.1 GET 200 /apple-icon.png
[261008-225306.041] [Port:5013] [System] ✔️RAM chiếm dụng: 200.36M | NLTK: 0.00M | CPU: 37.1%
[261008-225311.042] [Port:5013] [System] ✔️RAM chiếm dụng: 200.36M | NLTK: 0.00M | CPU: 17.2%
[261008-225311.135] [Port:5013] [API] 127.0.0.1 GET 200 /api/media?id=spsf-047
[261008-225311.136] [Port:5013] [API] 127.0.0.1 GET 200 /api/media?id=pasn-023
[261008-225311.183] [Port:5013] [API] 127.0.0.1 GET 200 /api/media?id=otim-648
[261008-225311.234] [Port:5013] [API] 127.0.0.1 GET 200 /api/media?id=otim-650
[261008-225311.284] [Port:5013] [API] 127.0.0.1 GET 200 /api/media?id=otim-647
[261008-225311.331] [Port:5013] [API] 127.0.0.1 GET 200 /api/media?id=otim-649
[261008-225311.369] [Port:5013] [API] 127.0.0.1 GET 200 /api/media?id=dldss-521
[261008-225316.044] [Port:5013] [System] ✔️RAM chiếm dụng: 200.43M | NLTK: 0.00M | CPU: 14.7%
[261008-225321.045] [Port:5013] [System] ✔️RAM chiếm dụng: 200.47M | NLTK: 0.00M | CPU: 17.8%
[261008-225326.045] [Port:5013] [System] ✔️RAM chiếm dụng: 200.47M | NLTK: 0.00M | CPU: 6.8%
[261008-225331.046] [Port:5013] [System] ✔️RAM chiếm dụng: 200.47M | NLTK: 0.00M | CPU: 13.5%
[261008-225336.047] [Port:5013] [System] ✔️RAM chiếm dụng: 200.47M | NLTK: 0.00M | CPU: 8.5%
[261008-225341.048] [Port:5013] [System] ✔️RAM chiếm dụng: 200.47M | NLTK: 0.00M | CPU: 8.4%
[261008-225346.048] [Port:5013] [System] ✔️RAM chiếm dụng: 200.47M | NLTK: 0.00M | CPU: 5.6%
[261008-225351.049] [Port:5013] [System] ✔️RAM chiếm dụng: 200.42M | NLTK: 0.00M | CPU: 6.6%
[261008-225356.050] [Port:5013] [System] ✔️RAM chiếm dụng: 200.42M | NLTK: 0.00M | CPU: 9.1%
[261008-225401.051] [Port:5013] [System] ✔️RAM chiếm dụng: 200.42M | NLTK: 0.00M | CPU: 9.2%
[261008-225406.052] [Port:5013] [System] ✔️RAM chiếm dụng: 200.42M | NLTK: 0.00M | CPU: 8.1%
[261008-225411.052] [Port:5013] [System] ✔️RAM chiếm dụng: 200.42M | NLTK: 0.00M | CPU: 8.0%
[261008-225416.053] [Port:5013] [System] ✔️RAM chiếm dụng: 200.42M | NLTK: 0.00M | CPU: 6.9%
[261008-225421.054] [Port:5013] [System] ✔️RAM chiếm dụng: 200.42M | NLTK: 0.00M | CPU: 5.4%
[261008-225426.054] [Port:5013] [System] ✔️RAM chiếm dụng: 200.42M | NLTK: 0.00M | CPU: 25.7%
[261008-225431.055] [Port:5013] [System] ✔️RAM chiếm dụng: 200.42M | NLTK: 0.00M | CPU: 12.8%
[261008-225436.055] [Port:5013] [System] ✔️RAM chiếm dụng: 200.42M | NLTK: 0.00M | CPU: 3.5%
[261008-225441.056] [Port:5013] [System] ✔️RAM chiếm dụng: 200.42M | NLTK: 0.00M | CPU: 1.6%
[261008-225446.056] [Port:5013] [System] ✔️RAM chiếm dụng: 200.42M | NLTK: 0.00M | CPU: 9.0%
[261008-225451.057] [Port:5013] [System] ✔️RAM chiếm dụng: 200.42M | NLTK: 0.00M | CPU: 11.4%
[261008-225456.058] [Port:5013] [System] ✔️RAM chiếm dụng: 200.42M | NLTK: 0.00M | CPU: 13.6%
[261008-225501.058] [Port:5013] [System] ✔️RAM chiếm dụng: 200.42M | NLTK: 0.00M | CPU: 15.2%
[261008-225506.059] [Port:5013] [System] ✔️RAM chiếm dụng: 200.39M | NLTK: 0.00M | CPU: 17.0%
[261008-225511.060] [Port:5013] [System] ✔️RAM chiếm dụng: 200.39M | NLTK: 0.00M | CPU: 25.3%
[261008-225516.061] [Port:5013] [System] ✔️RAM chiếm dụng: 200.39M | NLTK: 0.00M | CPU: 13.4%
[261008-225521.061] [Port:5013] [System] ✔️RAM chiếm dụng: 200.39M | NLTK: 0.00M | CPU: 11.7%
[261008-225526.062] [Port:5013] [System] ✔️RAM chiếm dụng: 200.39M | NLTK: 0.00M | CPU: 7.7%
[261008-225531.063] [Port:5013] [System] ✔️RAM chiếm dụng: 200.39M | NLTK: 0.00M | CPU: 8.4%
[261008-225536.063] [Port:5013] [System] ✔️RAM chiếm dụng: 200.39M | NLTK: 0.00M | CPU: 2.3%
[261008-225541.064] [Port:5013] [System] ✔️RAM chiếm dụng: 200.39M | NLTK: 0.00M | CPU: 1.8%
[261008-225546.064] [Port:5013] [System] ✔️RAM chiếm dụng: 200.39M | NLTK: 0.00M | CPU: 2.6%
[261008-225551.064] [Port:5013] [System] ✔️RAM chiếm dụng: 200.39M | NLTK: 0.00M | CPU: 2.3%
[261008-225556.065] [Port:5013] [System] ✔️RAM chiếm dụng: 200.39M | NLTK: 0.00M | CPU: 3.1%
[261008-225601.066] [Port:5013] [System] ✔️RAM chiếm dụng: 200.39M | NLTK: 0.00M | CPU: 5.1%
[261008-225606.066] [Port:5013] [System] ✔️RAM chiếm dụng: 200.39M | NLTK: 0.00M | CPU: 4.6%
[261008-225611.068] [Port:5013] [System] ✔️RAM chiếm dụng: 200.39M | NLTK: 0.00M | CPU: 4.1%
[261008-225616.069] [Port:5013] [System] ✔️RAM chiếm dụng: 200.39M | NLTK: 0.00M | CPU: 4.4%
[261008-225621.070] [Port:5013] [System] ✔️RAM chiếm dụng: 200.39M | NLTK: 0.00M | CPU: 2.0%
[261008-225626.071] [Port:5013] [System] ✔️RAM chiếm dụng: 200.39M | NLTK: 0.00M | CPU: 5.1%
[261008-225631.072] [Port:5013] [System] ✔️RAM chiếm dụng: 200.39M | NLTK: 0.00M | CPU: 12.6%
[261008-225636.072] [Port:5013] [System] ✔️RAM chiếm dụng: 200.39M | NLTK: 0.00M | CPU: 3.9%
[261008-225641.073] [Port:5013] [System] ✔️RAM chiếm dụng: 200.39M | NLTK: 0.00M | CPU: 7.8%
[261008-225646.074] [Port:5013] [System] ✔️RAM chiếm dụng: 200.39M | NLTK: 0.00M | CPU: 7.2%
[261008-225651.075] [Port:5013] [System] ✔️RAM chiếm dụng: 200.39M | NLTK: 0.00M | CPU: 4.7%
[261008-225656.076] [Port:5013] [System] ✔️RAM chiếm dụng: 200.39M | NLTK: 0.00M | CPU: 7.2%
[261008-225701.076] [Port:5013] [System] ✔️RAM chiếm dụng: 200.39M | NLTK: 0.00M | CPU: 7.3%
[261008-225706.077] [Port:5013] [System] ✔️RAM chiếm dụng: 200.39M | NLTK: 0.00M | CPU: 2.3%
[261008-225711.078] [Port:5013] [System] ✔️RAM chiếm dụng: 200.39M | NLTK: 0.00M | CPU: 3.9%
[261008-225716.079] [Port:5013] [System] ✔️RAM chiếm dụng: 200.39M | NLTK: 0.00M | CPU: 5.8%
[261008-225721.079] [Port:5013] [System] ✔️RAM chiếm dụng: 200.39M | NLTK: 0.00M | CPU: 12.3%
[261008-225726.080] [Port:5013] [System] ✔️RAM chiếm dụng: 200.39M | NLTK: 0.00M | CPU: 18.2%
[261008-225731.081] [Port:5013] [System] ✔️RAM chiếm dụng: 200.39M | NLTK: 0.00M | CPU: 13.1%
[261008-225736.082] [Port:5013] [System] ✔️RAM chiếm dụng: 200.39M | NLTK: 0.00M | CPU: 6.9%
[261008-225741.082] [Port:5013] [System] ✔️RAM chiếm dụng: 200.39M | NLTK: 0.00M | CPU: 1.7%
[261008-225746.083] [Port:5013] [System] ✔️RAM chiếm dụng: 200.39M | NLTK: 0.00M | CPU: 4.0%
[261008-225746.528] [Port:5013] [System] ⚠️ Nhận tín hiệu dừng (Ctrl+C), đang lưu dữ liệu an toàn...
[261008-225746.540] [Port:5013] [System] ✔️ Đã thoát an toàn.
[261008-225757.994] [Port:5013] [System] ✔️ Kiểm tra đủ package cơ bản...
[261008-225758.884] [Port:5013] [System] ✔️ Đã xóa cache trong bộ nhớ khi khởi động.
[261008-225758.885] [Port:5013] [System] ✔️RAM chiếm dụng: 138.48M | NLTK: 0.00M | CPU: 0.0%
[261008-225758.940] [Port:5013] [System] ⏳ Đang tổng hợp dữ liệu actress, genre, maker...
[261008-225759.343] [Port:5013] [System] ✔️ Hoàn tất tổng hợp tags.
[261008-225759.356] [Port:5013] [System] ℹ️ Lấy domain từ database: missav.ws
[261008-225759.357] [Port:5013] [MissAV] Khởi tạo sync_tasks cho MissAV...
[261008-225759.357] [Port:5013] [System] ✔️ Missav Player worker started at http://localhost:5013
 * Serving Flask app 'server'
 * Debug mode: off
[261008-225803.885] [Port:5013] [System] ✔️RAM chiếm dụng: 198.55M | NLTK: 0.00M | CPU: 4.6%
[261008-225805.474] [Port:5013] [System] ⚠️ Nhận tín hiệu dừng (Ctrl+C), đang lưu dữ liệu an toàn...
[261008-225805.484] [Port:5013] [System] ✔️ Đã thoát an toàn.
